Component: ARM Compiler 5.06 update 6 (build 750) Tool: armlink [4d35ed]

==============================================================================

Section Cross References

    main.o(.text) refers to delay.o(.text) for delay_init
    main.o(.text) refers to misc.o(.text) for SysTick_CLKSourceConfig
    main.o(.text) refers to usart1.o(.text) for USART1_Init
    main.o(.text) refers to led.o(.text) for LED_Init
    main.o(.text) refers to key.o(.text) for KEY_Init
    main.o(.text) refers to smbus.o(.text) for vSMBus_Init
    main.o(.text) refers to oled.o(.text) for OLED_Init
    main.o(.text) refers to exit1.o(.text) for EXTIX_Init
    main.o(.text) refers to beef.o(.text) for BEEP_Init
    main.o(.text) refers to mlx90614.o(.text) for vMLX90614_Init
    main.o(.text) refers to stm32f10x_gpio.o(.text) for GPIO_ResetBits
    main.o(.text) refers to display.o(.text) for Tem_Dispaly
    main.o(.text) refers to main.o(.bss) for sMlx
    main.o(.text) refers to main.o(.data) for mode
    main.o(.text) refers to key.o(.data) for b
    stm32f10x_it.o(.text) refers to stm32f10x_usart.o(.text) for USART_GetITStatus
    stm32f10x_it.o(.text) refers to stm32f10x_it.o(.data) for Counter
    stm32f10x_it.o(.text) refers to main.o(.bss) for brr
    stm32f10x_it.o(.text) refers to main.o(.data) for Rxover
    system_stm32f10x.o(.text) refers to system_stm32f10x.o(.data) for SystemCoreClock
    led.o(.text) refers to stm32f10x_rcc.o(.text) for RCC_APB2PeriphClockCmd
    led.o(.text) refers to stm32f10x_gpio.o(.text) for GPIO_Init
    key.o(.text) refers to stm32f10x_rcc.o(.text) for RCC_APB2PeriphClockCmd
    key.o(.text) refers to stm32f10x_gpio.o(.text) for GPIO_Init
    key.o(.text) refers to delay.o(.text) for delay_ms
    key.o(.text) refers to key.o(.data) for key_up
    mlx90614.o(.text) refers to dflt_clz.o(x$fpl$dflt) for __aeabi_i2d
    mlx90614.o(.text) refers to ddiv.o(x$fpl$ddiv) for __aeabi_ddiv
    mlx90614.o(.text) refers to daddsub_clz.o(x$fpl$dsub) for __aeabi_dsub
    mlx90614.o(.text) refers to d2f.o(x$fpl$d2f) for __aeabi_d2f
    mlx90614.o(.text) refers to fmul.o(x$fpl$fmul) for __aeabi_fmul
    mlx90614.o(.text) refers to ffixu.o(x$fpl$ffixu) for __aeabi_f2uiz
    mlx90614.o(.text) refers to delay.o(.text) for delay_ms
    mlx90614.o(.text) refers to fleqf.o(x$fpl$fleqf) for __aeabi_cfcmple
    mlx90614.o(.text) refers to faddsub_clz.o(x$fpl$fsub) for __aeabi_fsub
    mlx90614.o(.text) refers to f2d.o(x$fpl$f2d) for __aeabi_f2d
    mlx90614.o(.text) refers to dmul.o(x$fpl$dmul) for __aeabi_dmul
    mlx90614.o(.text) refers to daddsub_clz.o(x$fpl$dadd) for __aeabi_dadd
    mlx90614.o(.text) refers to mlx90614.o(.data) for vMLX90614_BusInit
    mlx90614.o(.data) refers to smbus.o(.text) for vSMBus_Init
    oled.o(.text) refers to stm32f10x_gpio.o(.text) for GPIO_SetBits
    oled.o(.text) refers to oled.o(.constdata) for F8X16
    oled.o(.text) refers to stm32f10x_rcc.o(.text) for RCC_APB2PeriphClockCmd
    oled.o(.text) refers to delay.o(.text) for delay_ms
    oled.o(.text) refers to oled.o(.data) for Hzk
    exit1.o(.text) refers to key.o(.text) for KEY_Init
    exit1.o(.text) refers to stm32f10x_rcc.o(.text) for RCC_APB2PeriphClockCmd
    exit1.o(.text) refers to stm32f10x_gpio.o(.text) for GPIO_EXTILineConfig
    exit1.o(.text) refers to stm32f10x_exti.o(.text) for EXTI_Init
    exit1.o(.text) refers to misc.o(.text) for NVIC_Init
    exit1.o(.text) refers to delay.o(.text) for delay_ms
    exit1.o(.text) refers to fleqf.o(x$fpl$fleqf) for __aeabi_cfcmple
    exit1.o(.text) refers to f2d.o(x$fpl$f2d) for __aeabi_f2d
    exit1.o(.text) refers to daddsub_clz.o(x$fpl$dadd) for __aeabi_dadd
    exit1.o(.text) refers to d2f.o(x$fpl$d2f) for __aeabi_d2f
    exit1.o(.text) refers to frleqf.o(x$fpl$frleqf) for __aeabi_cfrcmple
    exit1.o(.text) refers to daddsub_clz.o(x$fpl$dsub) for __aeabi_dsub
    exit1.o(.text) refers to stm32f10x_usart.o(.text) for USART_SendData
    exit1.o(.text) refers to exit1.o(.data) for a
    usart1.o(.text) refers to stm32f10x_rcc.o(.text) for RCC_APB2PeriphClockCmd
    usart1.o(.text) refers to stm32f10x_gpio.o(.text) for GPIO_Init
    usart1.o(.text) refers to misc.o(.text) for NVIC_Init
    usart1.o(.text) refers to stm32f10x_usart.o(.text) for USART_Init
    beef.o(.text) refers to stm32f10x_rcc.o(.text) for RCC_APB2PeriphClockCmd
    beef.o(.text) refers to stm32f10x_gpio.o(.text) for GPIO_Init
    smbus.o(.text) refers to stm32f10x_rcc.o(.text) for RCC_APB2PeriphClockCmd
    smbus.o(.text) refers to stm32f10x_gpio.o(.text) for GPIO_Init
    smbus.o(.text) refers to delay.o(.text) for delay_us
    display.o(.text) refers to mlx90614.o(.text) for ucMLX90614_GetTA
    display.o(.text) refers to f2d.o(x$fpl$f2d) for __aeabi_f2d
    display.o(.text) refers to drleqf.o(x$fpl$drleqf) for __aeabi_cdrcmple
    display.o(.text) refers to oled.o(.text) for OLED_ShowCHinese
    display.o(.text) refers to ffix.o(x$fpl$ffix) for __aeabi_f2iz
[...]
    frleqf.o(x$fpl$frleqf) refers to fleqf.o(x$fpl$fleqf) for __fpl_fcmple_InfNaN
    __rtentry.o(.ARM.Collect$$rtentry$$00000000) refers (Special) to __rtentry2.o(.ARM.Collect$$rtentry$$0000000A) for __rt_entry_li
    __rtentry.o(.ARM.Collect$$rtentry$$00000000) refers (Special) to __rtentry2.o(.ARM.Collect$$rtentry$$0000000D) for __rt_entry_main
    __rtentry.o(.ARM.Collect$$rtentry$$00000000) refers (Special) to __rtentry2.o(.ARM.Collect$$rtentry$$0000000C) for __rt_entry_postli_1
    __rtentry.o(.ARM.Collect$$rtentry$$00000000) refers (Special) to __rtentry2.o(.ARM.Collect$$rtentry$$00000009) for __rt_entry_postsh_1
    __rtentry.o(.ARM.Collect$$rtentry$$00000000) refers (Special) to __rtentry2.o(.ARM.Collect$$rtentry$$00000002) for __rt_entry_presh_1
    __rtentry.o(.ARM.Collect$$rtentry$$00000000) refers (Special) to __rtentry4.o(.ARM.Collect$$rtentry$$00000004) for __rt_entry_sh
    dleqf.o(x$fpl$dleqf) refers (Special) to usenofp.o(x$fpl$usenofp) for __I$use$fp
    dleqf.o(x$fpl$dleqf) refers to dnaninf.o(x$fpl$dnaninf) for __fpl_dnaninf
    dleqf.o(x$fpl$dleqf) refers to dcmpi.o(x$fpl$dcmpinf) for __fpl_dcmp_Inf
    dnaninf.o(x$fpl$dnaninf) refers (Special) to usenofp.o(x$fpl$usenofp) for __I$use$fp
    dretinf.o(x$fpl$dretinf) refers (Special) to usenofp.o(x$fpl$usenofp) for __I$use$fp
    fcmpi.o(x$fpl$fcmpinf) refers (Special) to usenofp.o(x$fpl$usenofp) for __I$use$fp
    fnaninf.o(x$fpl$fnaninf) refers (Special) to usenofp.o(x$fpl$usenofp) for __I$use$fp
    fretinf.o(x$fpl$fretinf) refers (Special) to usenofp.o(x$fpl$usenofp) for __I$use$fp
    __rtentry2.o(.ARM.Collect$$rtentry$$00000008) refers to boardinit2.o(.text) for _platform_post_stackheap_init
    __rtentry2.o(.ARM.Collect$$rtentry$$0000000A) refers to libinit.o(.ARM.Collect$$libinit$$00000000) for __rt_lib_init
    __rtentry2.o(.ARM.Collect$$rtentry$$0000000B) refers to boardinit3.o(.text) for _platform_post_lib_init
    __rtentry2.o(.ARM.Collect$$rtentry$$0000000D) refers to main.o(.text) for main
    __rtentry2.o(.ARM.Collect$$rtentry$$0000000D) refers to exit.o(.text) for exit
    __rtentry2.o(.ARM.exidx) refers to __rtentry2.o(.ARM.Collect$$rtentry$$00000001) for .ARM.Collect$$rtentry$$00000001
    __rtentry2.o(.ARM.exidx) refers to __rtentry2.o(.ARM.Collect$$rtentry$$00000008) for .ARM.Collect$$rtentry$$00000008
    __rtentry2.o(.ARM.exidx) refers to __rtentry2.o(.ARM.Collect$$rtentry$$0000000A) for .ARM.Collect$$rtentry$$0000000A
    __rtentry2.o(.ARM.exidx) refers to __rtentry2.o(.ARM.Collect$$rtentry$$0000000B) for .ARM.Collect$$rtentry$$0000000B
    __rtentry2.o(.ARM.exidx) refers to __rtentry2.o(.ARM.Collect$$rtentry$$0000000D) for .ARM.Collect$$rtentry$$0000000D
    __rtentry4.o(.ARM.Collect$$rtentry$$00000004) refers to sys_stackheap_outer.o(.text) for __user_setup_stackheap
    __rtentry4.o(.ARM.exidx) refers to __rtentry4.o(.ARM.Collect$$rtentry$$00000004) for .ARM.Collect$$rtentry$$00000004
    dcmpi.o(x$fpl$dcmpinf) refers (Special) to usenofp.o(x$fpl$usenofp) for __I$use$fp
    sys_stackheap_outer.o(.text) refers to libspace.o(.text) for __user_perproc_libspace
    sys_stackheap_outer.o(.text) refers to startup_stm32f10x_hd.o(.text) for __user_initial_stackheap
    exit.o(.text) refers to rtexit.o(.ARM.Collect$$rtexit$$00000000) for __rt_exit
    libinit.o(.ARM.Collect$$libinit$$00000000) refers (Special) to libinit2.o(.ARM.Collect$$libinit$$0000002E) for __rt_lib_init_alloca_1
    libinit.o(.ARM.Collect$$libinit$$00000000) refers (Special) to libinit2.o(.ARM.Collect$$libinit$$0000002C) for __rt_lib_init_argv_1
    libinit.o(.ARM.Collect$$libinit$$00000000) refers (Special) to libinit2.o(.ARM.Collect$$libinit$$0000001B) for __rt_lib_init_atexit_1
    libinit.o(.ARM.Collect$$libinit$$00000000) refers (Special) to libinit2.o(.ARM.Collect$$libinit$$00000021) for __rt_lib_init_clock_1
    libinit.o(.ARM.Collect$$libinit$$00000000) refers (Special) to libinit2.o(.ARM.Collect$$libinit$$00000032) for __rt_lib_init_cpp_1
    libinit.o(.ARM.Collect$$libinit$$00000000) refers (Special) to libinit2.o(.ARM.Collect$$libinit$$00000030) for __rt_lib_init_exceptions_1
    libinit.o(.ARM.Collect$$libinit$$00000000) refers (Special) to libinit2.o(.ARM.Collect$$libinit$$00000002) for __rt_lib_init_fp_1
    libinit.o(.ARM.Collect$$libinit$$00000000) refers (Special) to libinit2.o(.ARM.Collect$$libinit$$0000001F) for __rt_lib_init_fp_trap_1
    libinit.o(.ARM.Collect$$libinit$$00000000) refers (Special) to libinit2.o(.ARM.Collect$$libinit$$00000023) for __rt_lib_init_getenv_1
    libinit.o(.ARM.Collect$$libinit$$00000000) refers (Special) to libinit2.o(.ARM.Collect$$libinit$$0000000A) for __rt_lib_init_heap_1
    libinit.o(.ARM.Collect$$libinit$$00000000) refers (Special) to libinit2.o(.ARM.Collect$$libinit$$00000011) for __rt_lib_init_lc_collate_1
    libinit.o(.ARM.Collect$$libinit$$00000000) refers (Special) to libinit2.o(.ARM.Collect$$libinit$$00000013) for __rt_lib_init_lc_ctype_1
    libinit.o(.ARM.Collect$$libinit$$00000000) refers (Special) to libinit2.o(.ARM.Collect$$libinit$$00000015) for __rt_lib_init_lc_monetary_1
    libinit.o(.ARM.Collect$$libinit$$00000000) refers (Special) to libinit2.o(.ARM.Collect$$libinit$$00000017) for __rt_lib_init_lc_numeric_1
    libinit.o(.ARM.Collect$$libinit$$00000000) refers (Special) to libinit2.o(.ARM.Collect$$libinit$$00000019) for __rt_lib_init_lc_time_1
    libinit.o(.ARM.Collect$$libinit$$00000000) refers (Special) to libinit2.o(.ARM.Collect$$libinit$$00000004) for __rt_lib_init_preinit_1
    libinit.o(.ARM.Collect$$libinit$$00000000) refers (Special) to libinit2.o(.ARM.Collect$$libinit$$0000000E) for __rt_lib_init_rand_1
    libinit.o(.ARM.Collect$$libinit$$00000000) refers (Special) to libinit2.o(.ARM.Collect$$libinit$$00000033) for __rt_lib_init_return
    libinit.o(.ARM.Collect$$libinit$$00000000) refers (Special) to libinit2.o(.ARM.Collect$$libinit$$0000001D) for __rt_lib_init_signal_1
    libinit.o(.ARM.Collect$$libinit$$00000000) refers (Special) to libinit2.o(.ARM.Collect$$libinit$$00000025) for __rt_lib_init_stdio_1
    libinit.o(.ARM.Collect$$libinit$$00000000) refers (Special) to libinit2.o(.ARM.Collect$$libinit$$0000000C) for __rt_lib_init_user_alloc_1
    libspace.o(.text) refers to libspace.o(.bss) for __libspace_start
    rtexit.o(.ARM.Collect$$rtexit$$00000000) refers (Special) to rtexit2.o(.ARM.Collect$$rtexit$$00000004) for __rt_exit_exit
    rtexit.o(.ARM.Collect$$rtexit$$00000000) refers (Special) to rtexit2.o(.ARM.Collect$$rtexit$$00000003) for __rt_exit_ls
    rtexit.o(.ARM.Collect$$rtexit$$00000000) refers (Special) to rtexit2.o(.ARM.Collect$$rtexit$$00000002) for __rt_exit_prels_1
    rtexit.o(.ARM.exidx) refers (Special) to rtexit2.o(.ARM.Collect$$rtexit$$00000004) for __rt_exit_exit
    rtexit.o(.ARM.exidx) refers (Special) to rtexit2.o(.ARM.Collect$$rtexit$$00000003) for __rt_exit_ls
    rtexit.o(.ARM.exidx) refers (Special) to rtexit2.o(.ARM.Collect$$rtexit$$00000002) for __rt_exit_prels_1
    rtexit.o(.ARM.exidx) refers to rtexit.o(.ARM.Collect$$rtexit$$00000000) for .ARM.Collect$$rtexit$$00000000
    libinit2.o(.ARM.Collect$$libinit$$00000010) refers to libinit2.o(.ARM.Collect$$libinit$$0000000F) for .ARM.Collect$$libinit$$0000000F
    libinit2.o(.ARM.Collect$$libinit$$00000012) refers to libinit2.o(.ARM.Collect$$libinit$$0000000F) for .ARM.Collect$$libinit$$0000000F
    libinit2.o(.ARM.Collect$$libinit$$00000014) refers to libinit2.o(.ARM.Collect$$libinit$$0000000F) for .ARM.Collect$$libinit$$0000000F
    libinit2.o(.ARM.Collect$$libinit$$00000016) refers to libinit2.o(.ARM.Collect$$libinit$$0000000F) for .ARM.Collect$$libinit$$0000000F
    libinit2.o(.ARM.Collect$$libinit$$00000018) refers to libinit2.o(.ARM.Collect$$libinit$$0000000F) for .ARM.Collect$$libinit$$0000000F
    libinit2.o(.ARM.Collect$$libinit$$00000026) refers to argv_veneer.o(.emb_text) for __ARM_argv_veneer
    libinit2.o(.ARM.Collect$$libinit$$00000027) refers to argv_veneer.o(.emb_text) for __ARM_argv_veneer
    rtexit2.o(.ARM.Collect$$rtexit$$00000003) refers to libshutdown.o(.ARM.Collect$$libshutdown$$00000000) for __rt_lib_shutdown
    rtexit2.o(.ARM.Collect$$rtexit$$00000004) refers to sys_exit.o(.text) for _sys_exit
    rtexit2.o(.ARM.exidx) refers to rtexit2.o(.ARM.Collect$$rtexit$$00000001) for .ARM.Collect$$rtexit$$00000001
    rtexit2.o(.ARM.exidx) refers to rtexit2.o(.ARM.Collect$$rtexit$$00000003) for .ARM.Collect$$rtexit$$00000003
    rtexit2.o(.ARM.exidx) refers to rtexit2.o(.ARM.Collect$$rtexit$$00000004) for .ARM.Collect$$rtexit$$00000004
    argv_veneer.o(.emb_text) refers to no_argv.o(.text) for __ARM_get_argv
    sys_exit.o(.text) refers (Special) to use_no_semi.o(.text) for __I$use$semihosting
    sys_exit.o(.text) refers (Special) to indicate_semi.o(.text) for __semihosting_library_function
    _get_argv_nomalloc.o(.text) refers (Special) to hrguard.o(.text) for __heap_region$guard
    _get_argv_nomalloc.o(.text) refers to defsig_rtmem_outer.o(.text) for __rt_SIGRTMEM
    _get_argv_nomalloc.o(.text) refers to sys_command.o(.text) for _sys_command_string
    libshutdown.o(.ARM.Collect$$libshutdown$$00000000) refers (Special) to libshutdown2.o(.ARM.Collect$$libshutdown$$00000002) for __rt_lib_shutdown_cpp_1
    libshutdown.o(.ARM.Collect$$libshutdown$$00000000) refers (Special) to libshutdown2.o(.ARM.Collect$$libshutdown$$00000007) for __rt_lib_shutdown_fp_trap_1
    libshutdown.o(.ARM.Collect$$libshutdown$$00000000) refers (Special) to libshutdown2.o(.ARM.Collect$$libshutdown$$0000000F) for __rt_lib_shutdown_heap_1
    libshutdown.o(.ARM.Collect$$libshutdown$$00000000) refers (Special) to libshutdown2.o(.ARM.Collect$$libshutdown$$00000010) for __rt_lib_shutdown_return
    libshutdown.o(.ARM.Collect$$libshutdown$$00000000) refers (Special) to libshutdown2.o(.ARM.Collect$$libshutdown$$0000000A) for __rt_lib_shutdown_signal_1
    libshutdown.o(.ARM.Collect$$libshutdown$$00000000) refers (Special) to libshutdown2.o(.ARM.Collect$$libshutdown$$00000004) for __rt_lib_shutdown_stdio_1
    libshutdown.o(.ARM.Collect$$libshutdown$$00000000) refers (Special) to libshutdown2.o(.ARM.Collect$$libshutdown$$0000000C) for __rt_lib_shutdown_user_alloc_1
    sys_command.o(.text) refers (Special) to use_no_semi.o(.text) for __I$use$semihosting
    sys_command.o(.text) refers (Special) to indicate_semi.o(.text) for __semihosting_library_function
    defsig_rtmem_outer.o(.text) refers to defsig_rtmem_inner.o(.text) for __rt_SIGRTMEM_inner
    defsig_rtmem_outer.o(.text) refers to defsig_exit.o(.text) for __sig_exit
    defsig_rtmem_formal.o(.text) refers to rt_raise.o(.text) for __rt_raise
    rt_raise.o(.text) refers to __raise.o(.text) for __raise
    rt_raise.o(.text) refers to sys_exit.o(.text) for _sys_exit
    defsig_exit.o(.text) refers to sys_exit.o(.text) for _sys_exit
    defsig_rtmem_inner.o(.text) refers to defsig_general.o(.text) for __default_signal_display
    __raise.o(.text) refers to defsig.o(CL$$defsig) for __default_signal_handler
    defsig_general.o(.text) refers to sys_wrch.o(.text) for _ttywrch
    sys_wrch.o(.text) refers (Special) to use_no_semi.o(.text) for __I$use$semihosting
    sys_wrch.o(.text) refers (Special) to indicate_semi.o(.text) for __semihosting_library_function
    defsig.o(CL$$defsig) refers to defsig_rtmem_inner.o(.text) for __rt_SIGRTMEM_inner
    defsig_abrt_inner.o(.text) refers to defsig_general.o(.text) for __default_signal_display
    defsig_fpe_inner.o(.text) refers to defsig_general.o(.text) for __default_signal_display
    defsig_rtred_inner.o(.text) refers to defsig_general.o(.text) for __default_signal_display
    defsig_stak_inner.o(.text) refers to defsig_general.o(.text) for __default_signal_display
    defsig_pvfn_inner.o(.text) refers to defsig_general.o(.text) for __default_signal_display
    defsig_cppl_inner.o(.text) refers to defsig_general.o(.text) for __default_signal_display
    defsig_segv_inner.o(.text) refers to defsig_general.o(.text) for __default_signal_display
    defsig_other.o(.text) refers to defsig_general.o(.text) for __default_signal_display


==============================================================================

Removing Unused input sections from the image.

    Removing display.o(.bss), (20 bytes).
    Removing display.o(.conststring), (22 bytes).
    Removing display.o(.data), (109 bytes).
    Removing sys.o(.emb_text), (6 bytes).
    Removing sys.o(.text), (12 bytes).
    Removing core_cm3.o(.emb_text), (32 bytes).
    Removing stm32f10x_adc.o(.text), (1102 bytes).
    Removing stm32f10x_fsmc.o(.text), (1548 bytes).
    Removing stm32f10x_i2c.o(.text), (1028 bytes).
    Removing stm32f10x_tim.o(.text), (3610 bytes).
    Removing stm32f10x_sdio.o(.text), (468 bytes).
    Removing stm32f10x_wwdg.o(.text), (136 bytes).
    Removing stm32f10x_rtc.o(.text), (328 bytes).
    Removing stm32f10x_iwdg.o(.text), (64 bytes).

14 unused section(s) (total 8485 bytes) removed from the image.

==============================================================================

Image Symbol Table

    Local Symbols

    Symbol Name                              Value     Ov Type        Size  Object(Section)

    ../clib/angel/boardlib.s                 0x00000000   Number         0  boardshut.o ABSOLUTE
    ../clib/angel/boardlib.s                 0x00000000   Number         0  boardinit1.o ABSOLUTE
    ../clib/angel/boardlib.s                 0x00000000   Number         0  boardinit2.o ABSOLUTE
    ../clib/angel/boardlib.s                 0x00000000   Number         0  boardinit3.o ABSOLUTE
    ../clib/angel/dclz77c.s                  0x00000000   Number         0  __dclz77c.o ABSOLUTE
    ../clib/angel/handlers.s                 0x00000000   Number         0  __scatter_zi.o ABSOLUTE
    ../clib/angel/kernel.s                   0x00000000   Number         0  __rtentry.o ABSOLUTE
    ../clib/angel/kernel.s                   0x00000000   Number         0  __rtentry4.o ABSOLUTE
    ../clib/angel/kernel.s                   0x00000000   Number         0  __rtentry2.o ABSOLUTE
    ../clib/angel/kernel.s                   0x00000000   Number         0  rtexit.o ABSOLUTE
    ../clib/angel/kernel.s                   0x00000000   Number         0  rtexit2.o ABSOLUTE
    ../clib/angel/rt.s                       0x00000000   Number         0  rt_raise.o ABSOLUTE
    ../clib/angel/scatter.s                  0x00000000   Number         0  __scatter.o ABSOLUTE
    ../clib/angel/startup.s                  0x00000000   Number         0  __main.o ABSOLUTE
    ../clib/angel/sys.s                      0x00000000   Number         0  libspace.o ABSOLUTE
    ../clib/angel/sys.s                      0x00000000   Number         0  use_no_semi.o ABSOLUTE
    ../clib/angel/sys.s                      0x00000000   Number         0  sys_stackheap_outer.o ABSOLUTE
    ../clib/angel/sys.s                      0x00000000   Number         0  indicate_semi.o ABSOLUTE
    ../clib/angel/sysapp.c                   0x00000000   Number         0  sys_command.o ABSOLUTE
    ../clib/angel/sysapp.c                   0x00000000   Number         0  sys_exit.o ABSOLUTE
    ../clib/angel/sysapp.c                   0x00000000   Number         0  sys_wrch.o ABSOLUTE
    ../clib/armsys.c                         0x00000000   Number         0  _get_argv_nomalloc.o ABSOLUTE
    ../clib/armsys.c                         0x00000000   Number         0  argv_veneer.o ABSOLUTE
    ../clib/armsys.c                         0x00000000   Number         0  argv_veneer.o ABSOLUTE
    ../clib/armsys.c                         0x00000000   Number         0  no_argv.o ABSOLUTE
    ../clib/heapalloc.c                      0x00000000   Number         0  hrguard.o ABSOLUTE
    ../clib/heapaux.c                        0x00000000   Number         0  heapauxi.o ABSOLUTE
    ../clib/libinit.s                        0x00000000   Number         0  libinit2.o ABSOLUTE
    ../clib/libinit.s                        0x00000000   Number         0  libshutdown.o ABSOLUTE
    ../clib/libinit.s                        0x00000000   Number         0  libinit.o ABSOLUTE
    ../clib/libinit.s                        0x00000000   Number         0  libshutdown2.o ABSOLUTE
    ../clib/signal.c                         0x00000000   Number         0  defsig_rtmem_formal.o ABSOLUTE
    ../clib/signal.c                         0x00000000   Number         0  defsig_cppl_inner.o ABSOLUTE
    ../clib/signal.c                         0x00000000   Number         0  defsig_stak_inner.o ABSOLUTE
    ../clib/signal.c                         0x00000000   Number         0  defsig_segv_inner.o ABSOLUTE
    ../clib/signal.c                         0x00000000   Number         0  defsig_rtred_inner.o ABSOLUTE
    ../clib/signal.c                         0x00000000   Number         0  defsig_other.o ABSOLUTE
    ../clib/signal.c                         0x00000000   Number         0  defsig_fpe_inner.o ABSOLUTE
    ../clib/signal.c                         0x00000000   Number         0  defsig_abrt_inner.o ABSOLUTE
    ../clib/signal.c                         0x00000000   Number         0  defsig_rtmem_inner.o ABSOLUTE
    ../clib/signal.c                         0x00000000   Number         0  defsig_exit.o ABSOLUTE
    ../clib/signal.c                         0x00000000   Number         0  defsig_general.o ABSOLUTE
    ../clib/signal.c                         0x00000000   Number         0  __raise.o ABSOLUTE
    ../clib/signal.c                         0x00000000   Number         0  defsig_rtmem_outer.o ABSOLUTE
    ../clib/signal.c                         0x00000000   Number         0  defsig_pvfn_inner.o ABSOLUTE
    ../clib/signal.s                         0x00000000   Number         0  defsig.o ABSOLUTE
    ../clib/stdlib.c                         0x00000000   Number         0  exit.o ABSOLUTE
    ../fplib/d2f.s                           0x00000000   Number         0  d2f.o ABSOLUTE
    ../fplib/daddsub.s                       0x00000000   Number         0  daddsub_clz.o ABSOLUTE
    ../fplib/dcmpi.s                         0x00000000   Number         0  dcmpi.o ABSOLUTE
    ../fplib/ddiv.s                          0x00000000   Number         0  ddiv.o ABSOLUTE
    ../fplib/dflt.s                          0x00000000   Number         0  dflt_clz.o ABSOLUTE
    ../fplib/dleqf.s                         0x00000000   Number         0  dleqf.o ABSOLUTE
    ../fplib/dmul.s                          0x00000000   Number         0  dmul.o ABSOLUTE
    ../fplib/dnaninf.s                       0x00000000   Number         0  dnaninf.o ABSOLUTE
    ../fplib/dretinf.s                       0x00000000   Number         0  dretinf.o ABSOLUTE
    ../fplib/drleqf.s                        0x00000000   Number         0  drleqf.o ABSOLUTE
    ../fplib/f2d.s                           0x00000000   Number         0  f2d.o ABSOLUTE
    ../fplib/faddsub.s                       0x00000000   Number         0  faddsub_clz.o ABSOLUTE
    ../fplib/fcmpi.s                         0x00000000   Number         0  fcmpi.o ABSOLUTE
    ../fplib/ffix.s                          0x00000000   Number         0  ffix.o ABSOLUTE
    ../fplib/ffixu.s                         0x00000000   Number         0  ffixu.o ABSOLUTE
    ../fplib/fleqf.s                         0x00000000   Number         0  fleqf.o ABSOLUTE
    ../fplib/fmul.s                          0x00000000   Number         0  fmul.o ABSOLUTE
    ../fplib/fnaninf.s                       0x00000000   Number         0  fnaninf.o ABSOLUTE
    ../fplib/fpinit.s                        0x00000000   Number         0  fpinit.o ABSOLUTE
    ../fplib/fretinf.s                       0x00000000   Number         0  fretinf.o ABSOLUTE
    ../fplib/frleqf.s                        0x00000000   Number         0  frleqf.o ABSOLUTE
    ../fplib/usenofp.s                       0x00000000   Number         0  usenofp.o ABSOLUTE
    ..\CORE\core_cm3.c                       0x00000000   Number         0  core_cm3.o ABSOLUTE
    ..\CORE\startup_stm32f10x_hd.s           0x00000000   Number         0  startup_stm32f10x_hd.o ABSOLUTE
    ..\HARDWARE\BEEF\beef.c                  0x00000000   Number         0  beef.o ABSOLUTE
    ..\HARDWARE\DISPLAY\display.c            0x00000000   Number         0  display.o ABSOLUTE
    ..\HARDWARE\EXIT1\exit1.c                0x00000000   Number         0  exit1.o ABSOLUTE
    ..\HARDWARE\KEY\key.c                    0x00000000   Number         0  key.o ABSOLUTE
    ..\HARDWARE\LED\led.c                    0x00000000   Number         0  led.o ABSOLUTE
    ..\HARDWARE\MLX90614\mlx90614.c          0x00000000   Number         0  mlx90614.o ABSOLUTE
    ..\HARDWARE\OLED\oled.c                  0x00000000   Number         0  oled.o ABSOLUTE
    ..\HARDWARE\SMBUS\smbus.c                0x00000000   Number         0  smbus.o ABSOLUTE
    ..\HARDWARE\USART1\usart1.c              0x00000000   Number         0  usart1.o ABSOLUTE
    ..\STM32F10x_FWLib\src\misc.c            0x00000000   Number         0  misc.o ABSOLUTE
    ..\STM32F10x_FWLib\src\stm32f10x_adc.c   0x00000000   Number         0  stm32f10x_adc.o ABSOLUTE
    ..\STM32F10x_FWLib\src\stm32f10x_exti.c  0x00000000   Number         0  stm32f10x_exti.o ABSOLUTE
    ..\STM32F10x_FWLib\src\stm32f10x_fsmc.c  0x00000000   Number         0  stm32f10x_fsmc.o ABSOLUTE
    ..\STM32F10x_FWLib\src\stm32f10x_gpio.c  0x00000000   Number         0  stm32f10x_gpio.o ABSOLUTE
    ..\STM32F10x_FWLib\src\stm32f10x_i2c.c   0x00000000   Number         0  stm32f10x_i2c.o ABSOLUTE
    ..\STM32F10x_FWLib\src\stm32f10x_iwdg.c  0x00000000   Number         0  stm32f10x_iwdg.o ABSOLUTE
    ..\STM32F10x_FWLib\src\stm32f10x_rcc.c   0x00000000   Number         0  stm32f10x_rcc.o ABSOLUTE
    ..\STM32F10x_FWLib\src\stm32f10x_rtc.c   0x00000000   Number         0  stm32f10x_rtc.o ABSOLUTE
    ..\STM32F10x_FWLib\src\stm32f10x_sdio.c  0x00000000   Number         0  stm32f10x_sdio.o ABSOLUTE
    ..\STM32F10x_FWLib\src\stm32f10x_tim.c   0x00000000   Number         0  stm32f10x_tim.o ABSOLUTE
    ..\STM32F10x_FWLib\src\stm32f10x_usart.c 0x00000000   Number         0  stm32f10x_usart.o ABSOLUTE
    ..\STM32F10x_FWLib\src\stm32f10x_wwdg.c  0x00000000   Number         0  stm32f10x_wwdg.o ABSOLUTE
    ..\SYSTEM\delay\delay.c                  0x00000000   Number         0  delay.o ABSOLUTE
    ..\SYSTEM\sys\sys.c                      0x00000000   Number         0  sys.o ABSOLUTE
    ..\\CORE\\core_cm3.c                     0x00000000   Number         0  core_cm3.o ABSOLUTE
    ..\\SYSTEM\\sys\\sys.c                   0x00000000   Number         0  sys.o ABSOLUTE
    dc.s                                     0x00000000   Number         0  dc.o ABSOLUTE
    main.c                                   0x00000000   Number         0  main.o ABSOLUTE
    stm32f10x_it.c                           0x00000000   Number         0  stm32f10x_it.o ABSOLUTE
    system_stm32f10x.c                       0x00000000   Number         0  system_stm32f10x.o ABSOLUTE
    RESET                                    0x08000000   Section      304  startup_stm32f10x_hd.o(RESET)
    !!!main                                  0x08000130   Section        8  __main.o(!!!main)
    !!!scatter                               0x08000138   Section       52  __scatter.o(!!!scatter)
    !!dclz77c                                0x0800016c   Section      100  __dclz77c.o(!!dclz77c)
    !!handler_zi                             0x080001d0   Section       28  __scatter_zi.o(!!handler_zi)
    .ARM.Collect$$libinit$$00000000          0x080001ec   Section        2  libinit.o(.ARM.Collect$$libinit$$00000000)
    .ARM.Collect$$libinit$$00000002          0x080001ee   Section        0  libinit2.o(.ARM.Collect$$libinit$$00000002)
    .ARM.Collect$$libinit$$00000004          0x080001ee   Section        0  libinit2.o(.ARM.Collect$$libinit$$00000004)
    .ARM.Collect$$libinit$$0000000A          0x080001ee   Section        0  libinit2.o(.ARM.Collect$$libinit$$0000000A)
    .ARM.Collect$$libinit$$0000000C          0x080001ee   Section        0  libinit2.o(.ARM.Collect$$libinit$$0000000C)
    .ARM.Collect$$libinit$$0000000E          0x080001ee   Section        0  libinit2.o(.ARM.Collect$$libinit$$0000000E)
    .ARM.Collect$$libinit$$00000011          0x080001ee   Section        0  libinit2.o(.ARM.Collect$$libinit$$00000011)
    .ARM.Collect$$libinit$$00000013          0x080001ee   Section        0  libinit2.o(.ARM.Collect$$libinit$$00000013)
    .ARM.Collect$$libinit$$00000015          0x080001ee   Section        0  libinit2.o(.ARM.Collect$$libinit$$00000015)
    .ARM.Collect$$libinit$$00000017          0x080001ee   Section        0  libinit2.o(.ARM.Collect$$libinit$$00000017)
    .ARM.Collect$$libinit$$00000019          0x080001ee   Section        0  libinit2.o(.ARM.Collect$$libinit$$00000019)
    .ARM.Collect$$libinit$$0000001B          0x080001ee   Section        0  libinit2.o(.ARM.Collect$$libinit$$0000001B)
    .ARM.Collect$$libinit$$0000001D          0x080001ee   Section        0  libinit2.o(.ARM.Collect$$libinit$$0000001D)
    .ARM.Collect$$libinit$$0000001F          0x080001ee   Section        0  libinit2.o(.ARM.Collect$$libinit$$0000001F)
    .ARM.Collect$$libinit$$00000021          0x080001ee   Section        0  libinit2.o(.ARM.Collect$$libinit$$00000021)
    .ARM.Collect$$libinit$$00000023          0x080001ee   Section        0  libinit2.o(.ARM.Collect$$libinit$$00000023)
    .ARM.Collect$$libinit$$00000025          0x080001ee   Section        0  libinit2.o(.ARM.Collect$$libinit$$00000025)
    .ARM.Collect$$libinit$$0000002C          0x080001ee   Section        0  libinit2.o(.ARM.Collect$$libinit$$0000002C)
    .ARM.Collect$$libinit$$0000002E          0x080001ee   Section        0  libinit2.o(.ARM.Collect$$libinit$$0000002E)
    .ARM.Collect$$libinit$$00000030          0x080001ee   Section        0  libinit2.o(.ARM.Collect$$libinit$$00000030)
    .ARM.Collect$$libinit$$00000032          0x080001ee   Section        0  libinit2.o(.ARM.Collect$$libinit$$00000032)
    .ARM.Collect$$libinit$$00000033          0x080001ee   Section        2  libinit2.o(.ARM.Collect$$libinit$$00000033)
    .ARM.Collect$$libshutdown$$00000000      0x080001f0   Section        2  libshutdown.o(.ARM.Collect$$libshutdown$$00000000)
    .ARM.Collect$$libshutdown$$00000002      0x080001f2   Section        0  libshutdown2.o(.ARM.Collect$$libshutdown$$00000002)
    .ARM.Collect$$libshutdown$$00000004      0x080001f2   Section        0  libshutdown2.o(.ARM.Collect$$libshutdown$$00000004)
    .ARM.Collect$$libshutdown$$00000007      0x080001f2   Section        0  libshutdown2.o(.ARM.Collect$$libshutdown$$00000007)
    .ARM.Collect$$libshutdown$$0000000A      0x080001f2   Section        0  libshutdown2.o(.ARM.Collect$$libshutdown$$0000000A)
    .ARM.Collect$$libshutdown$$0000000C      0x080001f2   Section        0  libshutdown2.o(.ARM.Collect$$libshutdown$$0000000C)
    .ARM.Collect$$libshutdown$$0000000F      0x080001f2   Section        0  libshutdown2.o(.ARM.Collect$$libshutdown$$0000000F)
    .ARM.Collect$$libshutdown$$00000010      0x080001f2   Section        2  libshutdown2.o(.ARM.Collect$$libshutdown$$00000010)
    .ARM.Collect$$rtentry$$00000000          0x080001f4   Section        0  __rtentry.o(.ARM.Collect$$rtentry$$00000000)
    .ARM.Collect$$rtentry$$00000002          0x080001f4   Section        0  __rtentry2.o(.ARM.Collect$$rtentry$$00000002)
    .ARM.Collect$$rtentry$$00000004          0x080001f4   Section        6  __rtentry4.o(.ARM.Collect$$rtentry$$00000004)
    .ARM.Collect$$rtentry$$00000009          0x080001fa   Section        0  __rtentry2.o(.ARM.Collect$$rtentry$$00000009)
    .ARM.Collect$$rtentry$$0000000A          0x080001fa   Section        4  __rtentry2.o(.ARM.Collect$$rtentry$$0000000A)
    .ARM.Collect$$rtentry$$0000000C          0x080001fe   Section        0  __rtentry2.o(.ARM.Collect$$rtentry$$0000000C)
    .ARM.Collect$$rtentry$$0000000D          0x080001fe   Section        8  __rtentry2.o(.ARM.Collect$$rtentry$$0000000D)
    .ARM.Collect$$rtexit$$00000000           0x08000206   Section        2  rtexit.o(.ARM.Collect$$rtexit$$00000000)
    .ARM.Collect$$rtexit$$00000002           0x08000208   Section        0  rtexit2.o(.ARM.Collect$$rtexit$$00000002)
    .ARM.Collect$$rtexit$$00000003           0x08000208   Section        4  rtexit2.o(.ARM.Collect$$rtexit$$00000003)
    .ARM.Collect$$rtexit$$00000004           0x0800020c   Section        6  rtexit2.o(.ARM.Collect$$rtexit$$00000004)
    .text                                    0x08000214   Section        0  main.o(.text)
    .text                                    0x08000490   Section        0  stm32f10x_it.o(.text)
    .text                                    0x08000500   Section        0  system_stm32f10x.o(.text)
    SetSysClockTo72                          0x08000501   Thumb Code   214  system_stm32f10x.o(.text)
    SetSysClock                              0x080005d7   Thumb Code     8  system_stm32f10x.o(.text)
    .text                                    0x080006e0   Section        0  led.o(.text)
    .text                                    0x0800073c   Section        0  key.o(.text)
    .text                                    0x080008f0   Section        0  mlx90614.o(.text)
    .text                                    0x08000d08   Section        0  oled.o(.text)
    .text                                    0x080012f4   Section        0  exit1.o(.text)
    .text                                    0x08001548   Section        0  usart1.o(.text)
    .text                                    0x08001638   Section        0  beef.o(.text)
    .text                                    0x08001670   Section        0  smbus.o(.text)
    vSMBus_Start                             0x080016a5   Thumb Code    72  smbus.o(.text)
    vSMBus_Stop                              0x080016ed   Thumb Code    66  smbus.o(.text)
    ucSMBus_WaitACK                          0x0800172f   Thumb Code   112  smbus.o(.text)
    vSMBus_SendNAck                          0x0800179f   Thumb Code    70  smbus.o(.text)
    vSMBus_SendAck                           0x080017e5   Thumb Code    70  smbus.o(.text)
    ucSMBus_SendByte                         0x0800182b   Thumb Code    98  smbus.o(.text)
    ucSMBus_ReadByte                         0x0800188d   Thumb Code    92  smbus.o(.text)
    ucSMBUS_CRC8                             0x080018e9   Thumb Code   132  smbus.o(.text)
    .text                                    0x08001a4c   Section        0  display.o(.text)
    .text                                    0x0800239c   Section        0  delay.o(.text)
    .text                                    0x08002470   Section       64  startup_stm32f10x_hd.o(.text)
    .text                                    0x080024b0   Section        0  misc.o(.text)
    .text                                    0x0800258c   Section        0  stm32f10x_gpio.o(.text)
    .text                                    0x080028e8   Section        0  stm32f10x_rcc.o(.text)
    .text                                    0x08002c8c   Section        0  stm32f10x_usart.o(.text)
    .text                                    0x08003094   Section        0  stm32f10x_exti.o(.text)
    .text                                    0x080031b0   Section        0  heapauxi.o(.text)
    .text                                    0x080031b6   Section       74  sys_stackheap_outer.o(.text)
    .text                                    0x08003200   Section        0  exit.o(.text)
    .text                                    0x08003214   Section        8  libspace.o(.text)
    .text                                    0x0800321c   Section        0  sys_exit.o(.text)
    .text                                    0x08003228   Section        2  use_no_semi.o(.text)
    .text                                    0x0800322a   Section        0  indicate_semi.o(.text)
    x$fpl$d2f                                0x0800322c   Section       98  d2f.o(x$fpl$d2f)
    x$fpl$dadd                               0x08003290   Section      336  daddsub_clz.o(x$fpl$dadd)
    _dadd1                                   0x080032a1   Thumb Code     0  daddsub_clz.o(x$fpl$dadd)
    x$fpl$dcmpinf                            0x080033e0   Section       24  dcmpi.o(x$fpl$dcmpinf)
    x$fpl$ddiv                               0x080033f8   Section      688  ddiv.o(x$fpl$ddiv)
    ddiv_entry                               0x080033ff   Thumb Code     0  ddiv.o(x$fpl$ddiv)
    x$fpl$dflt                               0x080036a8   Section       46  dflt_clz.o(x$fpl$dflt)
    x$fpl$dleqf                              0x080036d8   Section      120  dleqf.o(x$fpl$dleqf)
    x$fpl$dmul                               0x08003750   Section      340  dmul.o(x$fpl$dmul)
    x$fpl$dnaninf                            0x080038a4   Section      156  dnaninf.o(x$fpl$dnaninf)
    x$fpl$dretinf                            0x08003940   Section       12  dretinf.o(x$fpl$dretinf)
    x$fpl$drleqf                             0x0800394c   Section      108  drleqf.o(x$fpl$drleqf)
    x$fpl$dsub                               0x080039b8   Section      468  daddsub_clz.o(x$fpl$dsub)
    _dsub1                                   0x080039c9   Thumb Code     0  daddsub_clz.o(x$fpl$dsub)
    x$fpl$f2d                                0x08003b8c   Section       86  f2d.o(x$fpl$f2d)
    x$fpl$fadd                               0x08003be4   Section      196  faddsub_clz.o(x$fpl$fadd)
    _fadd1                                   0x08003bf3   Thumb Code     0  faddsub_clz.o(x$fpl$fadd)
    x$fpl$fcmpinf                            0x08003ca8   Section       24  fcmpi.o(x$fpl$fcmpinf)
    x$fpl$ffix                               0x08003cc0   Section       54  ffix.o(x$fpl$ffix)
    x$fpl$ffixu                              0x08003cf8   Section       62  ffixu.o(x$fpl$ffixu)
    x$fpl$fleqf                              0x08003d38   Section      104  fleqf.o(x$fpl$fleqf)
    x$fpl$fmul                               0x08003da0   Section      258  fmul.o(x$fpl$fmul)
    x$fpl$fnaninf                            0x08003ea2   Section      140  fnaninf.o(x$fpl$fnaninf)
    x$fpl$fretinf                            0x08003f2e   Section       10  fretinf.o(x$fpl$fretinf)
    x$fpl$frleqf                             0x08003f38   Section       98  frleqf.o(x$fpl$frleqf)
    x$fpl$fsub                               0x08003f9c   Section      234  faddsub_clz.o(x$fpl$fsub)
    _fsub1                                   0x08003fab   Thumb Code     0  faddsub_clz.o(x$fpl$fsub)
    .constdata                               0x08004086   Section     2072  oled.o(.constdata)
    x$fpl$usenofp                            0x08004086   Section        0  usenofp.o(x$fpl$usenofp)
    .data                                    0x20000000   Section       12  main.o(.data)
    .data                                    0x2000000c   Section        1  stm32f10x_it.o(.data)
    Counter                                  0x2000000c   Data           1  stm32f10x_it.o(.data)
    .data                                    0x20000010   Section       20  system_stm32f10x.o(.data)
    .data                                    0x20000024   Section        5  key.o(.data)
    key_up                                   0x20000028   Data           1  key.o(.data)
    .data                                    0x2000002c   Section       12  mlx90614.o(.data)
    .data                                    0x20000038   Section     1792  oled.o(.data)
    .data                                    0x20000738   Section        8  exit1.o(.data)
    c                                        0x2000073c   Data           4  exit1.o(.data)
    .data                                    0x20000740   Section        4  delay.o(.data)
    fac_us                                   0x20000740   Data           1  delay.o(.data)
    fac_ms                                   0x20000742   Data           2  delay.o(.data)
    .data                                    0x20000744   Section       20  stm32f10x_rcc.o(.data)
    APBAHBPrescTable                         0x20000744   Data          16  stm32f10x_rcc.o(.data)
    ADCPrescTable                            0x20000754   Data           4  stm32f10x_rcc.o(.data)
    .bss                                     0x20000758   Section       52  main.o(.bss)
    .bss                                     0x2000078c   Section       96  libspace.o(.bss)
    HEAP                                     0x200007f0   Section      512  startup_stm32f10x_hd.o(HEAP)
    Heap_Mem                                 0x200007f0   Data         512  startup_stm32f10x_hd.o(HEAP)
    STACK                                    0x200009f0   Section     1024  startup_stm32f10x_hd.o(STACK)
    Stack_Mem                                0x200009f0   Data        1024  startup_stm32f10x_hd.o(STACK)
    __initial_sp                             0x20000df0   Data           0  startup_stm32f10x_hd.o(STACK)

    Global Symbols

    Symbol Name                              Value     Ov Type        Size  Object(Section)

    BuildAttributes$$THM_ISAv4$P$D$K$B$S$PE$A:L22UL41UL21$X:L11$S22US41US21$IEEE1$IW$USESV6$~STKCKD$USESV7$~SHL$OSPACE$ROPI$EBA8$UX$STANDARDLIB$REQ8$PRES8$EABIv2 0x00000000   Number         0  anon$$obj.o ABSOLUTE
    __ARM_use_no_argv                        0x00000000   Number         0  main.o ABSOLUTE
    __ARM_exceptions_init                     - Undefined Weak Reference
    __alloca_initialize                       - Undefined Weak Reference
    __arm_preinit_                            - Undefined Weak Reference
    __cpp_initialize__aeabi_                  - Undefined Weak Reference
    __cxa_finalize                            - Undefined Weak Reference
    __rt_locale                               - Undefined Weak Reference
    __sigvec_lookup                           - Undefined Weak Reference
    _atexit_init                              - Undefined Weak Reference
    _call_atexit_fns                          - Undefined Weak Reference
    _clock_init                               - Undefined Weak Reference
    _fp_trap_init                             - Undefined Weak Reference
    _fp_trap_shutdown                         - Undefined Weak Reference
    _get_lc_collate                           - Undefined Weak Reference
    _get_lc_ctype                             - Undefined Weak Reference
    _get_lc_monetary                          - Undefined Weak Reference
    _get_lc_numeric                           - Undefined Weak Reference
    _get_lc_time                              - Undefined Weak Reference
    _getenv_init                              - Undefined Weak Reference
    _handle_redirection                       - Undefined Weak Reference
    _init_alloc                               - Undefined Weak Reference
    _init_user_alloc                          - Undefined Weak Reference
    _initio                                   - Undefined Weak Reference
    _rand_init                                - Undefined Weak Reference
    _signal_finish                            - Undefined Weak Reference
    _signal_init                              - Undefined Weak Reference
    _terminate_alloc                          - Undefined Weak Reference
    _terminate_user_alloc                     - Undefined Weak Reference
    _terminateio                              - Undefined Weak Reference
    __Vectors_Size                           0x00000130   Number         0  startup_stm32f10x_hd.o ABSOLUTE
    __Vectors                                0x08000000   Data           4  startup_stm32f10x_hd.o(RESET)
    __Vectors_End                            0x08000130   Data           0  startup_stm32f10x_hd.o(RESET)
    __main                                   0x08000131   Thumb Code     8  __main.o(!!!main)
    __scatterload                            0x08000139   Thumb Code     0  __scatter.o(!!!scatter)
    __scatterload_rt2                        0x08000139   Thumb Code    44  __scatter.o(!!!scatter)
    __scatterload_rt2_thumb_only             0x08000139   Thumb Code     0  __scatter.o(!!!scatter)
    __scatterload_null                       0x08000147   Thumb Code     0  __scatter.o(!!!scatter)
    __decompress                             0x0800016d   Thumb Code   100  __dclz77c.o(!!dclz77c)
    __decompress2                            0x0800016d   Thumb Code     0  __dclz77c.o(!!dclz77c)
    __scatterload_zeroinit                   0x080001d1   Thumb Code    28  __scatter_zi.o(!!handler_zi)
    __rt_lib_init                            0x080001ed   Thumb Code     0  libinit.o(.ARM.Collect$$libinit$$00000000)
    __rt_lib_init_alloca_1                   0x080001ef   Thumb Code     0  libinit2.o(.ARM.Collect$$libinit$$0000002E)
    __rt_lib_init_argv_1                     0x080001ef   Thumb Code     0  libinit2.o(.ARM.Collect$$libinit$$0000002C)
    __rt_lib_init_atexit_1                   0x080001ef   Thumb Code     0  libinit2.o(.ARM.Collect$$libinit$$0000001B)
    __rt_lib_init_clock_1                    0x080001ef   Thumb Code     0  libinit2.o(.ARM.Collect$$libinit$$00000021)
    __rt_lib_init_cpp_1                      0x080001ef   Thumb Code     0  libinit2.o(.ARM.Collect$$libinit$$00000032)
    __rt_lib_init_exceptions_1               0x080001ef   Thumb Code     0  libinit2.o(.ARM.Collect$$libinit$$00000030)
    __rt_lib_init_fp_1                       0x080001ef   Thumb Code     0  libinit2.o(.ARM.Collect$$libinit$$00000002)
    __rt_lib_init_fp_trap_1                  0x080001ef   Thumb Code     0  libinit2.o(.ARM.Collect$$libinit$$0000001F)
    __rt_lib_init_getenv_1                   0x080001ef   Thumb Code     0  libinit2.o(.ARM.Collect$$libinit$$00000023)
    __rt_lib_init_heap_1                     0x080001ef   Thumb Code     0  libinit2.o(.ARM.Collect$$libinit$$0000000A)
    __rt_lib_init_lc_collate_1               0x080001ef   Thumb Code     0  libinit2.o(.ARM.Collect$$libinit$$00000011)
    __rt_lib_init_lc_ctype_1                 0x080001ef   Thumb Code     0  libinit2.o(.ARM.Collect$$libinit$$00000013)
    __rt_lib_init_lc_monetary_1              0x080001ef   Thumb Code     0  libinit2.o(.ARM.Collect$$libinit$$00000015)
    __rt_lib_init_lc_numeric_1               0x080001ef   Thumb Code     0  libinit2.o(.ARM.Collect$$libinit$$00000017)
    __rt_lib_init_lc_time_1                  0x080001ef   Thumb Code     0  libinit2.o(.ARM.Collect$$libinit$$00000019)
    __rt_lib_init_preinit_1                  0x080001ef   Thumb Code     0  libinit2.o(.ARM.Collect$$libinit$$00000004)
    __rt_lib_init_rand_1                     0x080001ef   Thumb Code     0  libinit2.o(.ARM.Collect$$libinit$$0000000E)
    __rt_lib_init_return                     0x080001ef   Thumb Code     0  libinit2.o(.ARM.Collect$$libinit$$00000033)
    __rt_lib_init_signal_1                   0x080001ef   Thumb Code     0  libinit2.o(.ARM.Collect$$libinit$$0000001D)
    __rt_lib_init_stdio_1                    0x080001ef   Thumb Code     0  libinit2.o(.ARM.Collect$$libinit$$00000025)
    __rt_lib_init_user_alloc_1               0x080001ef   Thumb Code     0  libinit2.o(.ARM.Collect$$libinit$$0000000C)
    __rt_lib_shutdown                        0x080001f1   Thumb Code     0  libshutdown.o(.ARM.Collect$$libshutdown$$00000000)
    __rt_lib_shutdown_cpp_1                  0x080001f3   Thumb Code     0  libshutdown2.o(.ARM.Collect$$libshutdown$$00000002)
    __rt_lib_shutdown_fp_trap_1              0x080001f3   Thumb Code     0  libshutdown2.o(.ARM.Collect$$libshutdown$$00000007)
    __rt_lib_shutdown_heap_1                 0x080001f3   Thumb Code     0  libshutdown2.o(.ARM.Collect$$libshutdown$$0000000F)
    __rt_lib_shutdown_return                 0x080001f3   Thumb Code     0  libshutdown2.o(.ARM.Collect$$libshutdown$$00000010)
    __rt_lib_shutdown_signal_1               0x080001f3   Thumb Code     0  libshutdown2.o(.ARM.Collect$$libshutdown$$0000000A)
    __rt_lib_shutdown_stdio_1                0x080001f3   Thumb Code     0  libshutdown2.o(.ARM.Collect$$libshutdown$$00000004)
    __rt_lib_shutdown_user_alloc_1           0x080001f3   Thumb Code     0  libshutdown2.o(.ARM.Collect$$libshutdown$$0000000C)
    __rt_entry                               0x080001f5   Thumb Code     0  __rtentry.o(.ARM.Collect$$rtentry$$00000000)
    __rt_entry_presh_1                       0x080001f5   Thumb Code     0  __rtentry2.o(.ARM.Collect$$rtentry$$00000002)
    __rt_entry_sh                            0x080001f5   Thumb Code     0  __rtentry4.o(.ARM.Collect$$rtentry$$00000004)
    __rt_entry_li                            0x080001fb   Thumb Code     0  __rtentry2.o(.ARM.Collect$$rtentry$$0000000A)
    __rt_entry_postsh_1                      0x080001fb   Thumb Code     0  __rtentry2.o(.ARM.Collect$$rtentry$$00000009)
    __rt_entry_main                          0x080001ff   Thumb Code     0  __rtentry2.o(.ARM.Collect$$rtentry$$0000000D)
    __rt_entry_postli_1                      0x080001ff   Thumb Code     0  __rtentry2.o(.ARM.Collect$$rtentry$$0000000C)
    __rt_exit                                0x08000207   Thumb Code     0  rtexit.o(.ARM.Collect$$rtexit$$00000000)
    __rt_exit_ls                             0x08000209   Thumb Code     0  rtexit2.o(.ARM.Collect$$rtexit$$00000003)
    __rt_exit_prels_1                        0x08000209   Thumb Code     0  rtexit2.o(.ARM.Collect$$rtexit$$00000002)
    __rt_exit_exit                           0x0800020d   Thumb Code     0  rtexit2.o(.ARM.Collect$$rtexit$$00000004)
    main                                     0x08000215   Thumb Code   586  main.o(.text)
    NMI_Handler                              0x08000491   Thumb Code     2  stm32f10x_it.o(.text)
    HardFault_Handler                        0x08000493   Thumb Code     4  stm32f10x_it.o(.text)
    MemManage_Handler                        0x08000497   Thumb Code     4  stm32f10x_it.o(.text)
    BusFault_Handler                         0x0800049b   Thumb Code     4  stm32f10x_it.o(.text)
    UsageFault_Handler                       0x0800049f   Thumb Code     4  stm32f10x_it.o(.text)
    SVC_Handler                              0x080004a3   Thumb Code     2  stm32f10x_it.o(.text)
    DebugMon_Handler                         0x080004a5   Thumb Code     2  stm32f10x_it.o(.text)
    PendSV_Handler                           0x080004a7   Thumb Code     2  stm32f10x_it.o(.text)
    SysTick_Handler                          0x080004a9   Thumb Code     2  stm32f10x_it.o(.text)
    USART1_IRQHandler                        0x080004ab   Thumb Code    68  stm32f10x_it.o(.text)
    SystemInit                               0x080005df   Thumb Code    78  system_stm32f10x.o(.text)
    SystemCoreClockUpdate                    0x0800062d   Thumb Code   142  system_stm32f10x.o(.text)
    LED_Init                                 0x080006e1   Thumb Code    84  led.o(.text)
    KEY_Init                                 0x0800073d   Thumb Code    76  key.o(.text)
    KEY_Scan                                 0x08000789   Thumb Code   342  key.o(.text)
    vMLX90614_Init                           0x080008f1   Thumb Code    48  mlx90614.o(.text)
    ucMLX90614_GetTA                         0x08000921   Thumb Code    98  mlx90614.o(.text)
    ucMLX90614_GetTO1                        0x08000983   Thumb Code    98  mlx90614.o(.text)
    ucMLX90614_GetTO2                        0x080009e5   Thumb Code    98  mlx90614.o(.text)
    ucMLX90614_SetEmssivity                  0x08000a47   Thumb Code    96  mlx90614.o(.text)
    ucMLX90614_TempComp                      0x08000aa7   Thumb Code   484  mlx90614.o(.text)
    IIC_Start                                0x08000d09   Thumb Code    44  oled.o(.text)
    IIC_Stop                                 0x08000d35   Thumb Code    34  oled.o(.text)
    IIC_Wait_Ack                             0x08000d57   Thumb Code    24  oled.o(.text)
    Write_IIC_Byte                           0x08000d6f   Thumb Code    88  oled.o(.text)
    Write_IIC_Command                        0x08000dc7   Thumb Code    44  oled.o(.text)
    Write_IIC_Data                           0x08000df3   Thumb Code    44  oled.o(.text)
    OLED_WR_Byte                             0x08000e1f   Thumb Code    24  oled.o(.text)
    fill_picture                             0x08000e37   Thumb Code    64  oled.o(.text)
    Delay_50ms                               0x08000e77   Thumb Code    22  oled.o(.text)
    Delay_1ms                                0x08000e8d   Thumb Code    26  oled.o(.text)
    OLED_Set_Pos                             0x08000ea7   Thumb Code    40  oled.o(.text)
    OLED_Display_On                          0x08000ecf   Thumb Code    28  oled.o(.text)
    OLED_Display_Off                         0x08000eeb   Thumb Code    28  oled.o(.text)
    OLED_Clear                               0x08000f07   Thumb Code    62  oled.o(.text)
    OLED_On                                  0x08000f45   Thumb Code    62  oled.o(.text)
    OLED_ShowChar                            0x08000f83   Thumb Code   154  oled.o(.text)
    oled_pow                                 0x0800101d   Thumb Code    22  oled.o(.text)
    OLED_ShowNum                             0x08001033   Thumb Code   136  oled.o(.text)
    OLED_ShowString                          0x080010bb   Thumb Code    70  oled.o(.text)
    OLED_ShowCHinese                         0x08001101   Thumb Code    98  oled.o(.text)
    OLED_DrawBMP                             0x08001163   Thumb Code   118  oled.o(.text)
    OLED_Init                                0x080011d9   Thumb Code   274  oled.o(.text)
    EXTIX_Init                               0x080012f5   Thumb Code   290  exit1.o(.text)
    EXTI3_IRQHandler                         0x08001417   Thumb Code    70  exit1.o(.text)
    EXTI4_IRQHandler                         0x0800145d   Thumb Code    70  exit1.o(.text)
    EXTI0_IRQHandler                         0x080014a3   Thumb Code    34  exit1.o(.text)
    EXTI2_IRQHandler                         0x080014c5   Thumb Code    34  exit1.o(.text)
    EXTI15_10_IRQHandler                     0x080014e7   Thumb Code    64  exit1.o(.text)
    USART1_Init                              0x08001549   Thumb Code   150  usart1.o(.text)
    fputc                                    0x080015df   Thumb Code    40  usart1.o(.text)
    USART1_SendString                        0x08001607   Thumb Code    38  usart1.o(.text)
    USART1_Receive                           0x0800162d   Thumb Code     2  usart1.o(.text)
    BEEP_Init                                0x08001639   Thumb Code    50  beef.o(.text)
    vSMBus_Init                              0x08001671   Thumb Code    52  smbus.o(.text)
    ucSMBUS_StreamWrite                      0x0800196d   Thumb Code   106  smbus.o(.text)
    ucSMBUS_StreamRead                       0x080019d7   Thumb Code   104  smbus.o(.text)
    Tem_Dispaly                              0x08001a4d   Thumb Code   494  display.o(.text)
    Obj_Dispaly                              0x08001c3b   Thumb Code   554  display.o(.text)
    Face_Dispaly                             0x08001e65   Thumb Code   160  display.o(.text)
    Face_Rec                                 0x08001f05   Thumb Code   594  display.o(.text)
    Learn_dispaly                            0x08002157   Thumb Code    96  display.o(.text)
    Learn_extract                            0x080021b7   Thumb Code    94  display.o(.text)
    Mask_dispaly                             0x08002215   Thumb Code    96  display.o(.text)
    Mask_Rec                                 0x08002275   Thumb Code   282  display.o(.text)
    delay_init                               0x0800239d   Thumb Code    50  delay.o(.text)
    delay_us                                 0x080023cf   Thumb Code    72  delay.o(.text)
    delay_ms                                 0x08002417   Thumb Code    72  delay.o(.text)
    Reset_Handler                            0x08002471   Thumb Code     8  startup_stm32f10x_hd.o(.text)
    ADC1_2_IRQHandler                        0x0800248b   Thumb Code     0  startup_stm32f10x_hd.o(.text)
    ADC3_IRQHandler                          0x0800248b   Thumb Code     0  startup_stm32f10x_hd.o(.text)
    CAN1_RX1_IRQHandler                      0x0800248b   Thumb Code     0  startup_stm32f10x_hd.o(.text)
    CAN1_SCE_IRQHandler                      0x0800248b   Thumb Code     0  startup_stm32f10x_hd.o(.text)
    DMA1_Channel1_IRQHandler                 0x0800248b   Thumb Code     0  startup_stm32f10x_hd.o(.text)
    DMA1_Channel2_IRQHandler                 0x0800248b   Thumb Code     0  startup_stm32f10x_hd.o(.text)
    DMA1_Channel3_IRQHandler                 0x0800248b   Thumb Code     0  startup_stm32f10x_hd.o(.text)
    DMA1_Channel4_IRQHandler                 0x0800248b   Thumb Code     0  startup_stm32f10x_hd.o(.text)
    DMA1_Channel5_IRQHandler                 0x0800248b   Thumb Code     0  startup_stm32f10x_hd.o(.text)
    DMA1_Channel6_IRQHandler                 0x0800248b   Thumb Code     0  startup_stm32f10x_hd.o(.text)
    DMA1_Channel7_IRQHandler                 0x0800248b   Thumb Code     0  startup_stm32f10x_hd.o(.text)
    DMA2_Channel1_IRQHandler                 0x0800248b   Thumb Code     0  startup_stm32f10x_hd.o(.text)
    DMA2_Channel2_IRQHandler                 0x0800248b   Thumb Code     0  startup_stm32f10x_hd.o(.text)
    DMA2_Channel3_IRQHandler                 0x0800248b   Thumb Code     0  startup_stm32f10x_hd.o(.text)
    DMA2_Channel4_5_IRQHandler               0x0800248b   Thumb Code     0  startup_stm32f10x_hd.o(.text)
    EXTI1_IRQHandler                         0x0800248b   Thumb Code     0  startup_stm32f10x_hd.o(.text)
    EXTI9_5_IRQHandler                       0x0800248b   Thumb Code     0  startup_stm32f10x_hd.o(.text)
    FLASH_IRQHandler                         0x0800248b   Thumb Code     0  startup_stm32f10x_hd.o(.text)
    FSMC_IRQHandler                          0x0800248b   Thumb Code     0  startup_stm32f10x_hd.o(.text)
    I2C1_ER_IRQHandler                       0x0800248b   Thumb Code     0  startup_stm32f10x_hd.o(.text)
    I2C1_EV_IRQHandler                       0x0800248b   Thumb Code     0  startup_stm32f10x_hd.o(.text)
    I2C2_ER_IRQHandler                       0x0800248b   Thumb Code     0  startup_stm32f10x_hd.o(.text)
    I2C2_EV_IRQHandler                       0x0800248b   Thumb Code     0  startup_stm32f10x_hd.o(.text)
    PVD_IRQHandler                           0x0800248b   Thumb Code     0  startup_stm32f10x_hd.o(.text)
    RCC_IRQHandler                           0x0800248b   Thumb Code     0  startup_stm32f10x_hd.o(.text)
    RTCAlarm_IRQHandler                      0x0800248b   Thumb Code     0  startup_stm32f10x_hd.o(.text)
    RTC_IRQHandler                           0x0800248b   Thumb Code     0  startup_stm32f10x_hd.o(.text)
    SDIO_IRQHandler                          0x0800248b   Thumb Code     0  startup_stm32f10x_hd.o(.text)
    SPI1_IRQHandler                          0x0800248b   Thumb Code     0  startup_stm32f10x_hd.o(.text)
    SPI2_IRQHandler                          0x0800248b   Thumb Code     0  startup_stm32f10x_hd.o(.text)
    SPI3_IRQHandler                          0x0800248b   Thumb Code     0  startup_stm32f10x_hd.o(.text)
    TAMPER_IRQHandler                        0x0800248b   Thumb Code     0  startup_stm32f10x_hd.o(.text)
    TIM1_BRK_IRQHandler                      0x0800248b   Thumb Code     0  startup_stm32f10x_hd.o(.text)
    TIM1_CC_IRQHandler                       0x0800248b   Thumb Code     0  startup_stm32f10x_hd.o(.text)
    TIM1_TRG_COM_IRQHandler                  0x0800248b   Thumb Code     0  startup_stm32f10x_hd.o(.text)
    TIM1_UP_IRQHandler                       0x0800248b   Thumb Code     0  startup_stm32f10x_hd.o(.text)
    TIM2_IRQHandler                          0x0800248b   Thumb Code     0  startup_stm32f10x_hd.o(.text)
    TIM3_IRQHandler                          0x0800248b   Thumb Code     0  startup_stm32f10x_hd.o(.text)
    TIM4_IRQHandler                          0x0800248b   Thumb Code     0  startup_stm32f10x_hd.o(.text)
    TIM5_IRQHandler                          0x0800248b   Thumb Code     0  startup_stm32f10x_hd.o(.text)
    TIM6_IRQHandler                          0x0800248b   Thumb Code     0  startup_stm32f10x_hd.o(.text)
    TIM7_IRQHandler                          0x0800248b   Thumb Code     0  startup_stm32f10x_hd.o(.text)
    TIM8_BRK_IRQHandler                      0x0800248b   Thumb Code     0  startup_stm32f10x_hd.o(.text)
    TIM8_CC_IRQHandler                       0x0800248b   Thumb Code     0  startup_stm32f10x_hd.o(.text)
    TIM8_TRG_COM_IRQHandler                  0x0800248b   Thumb Code     0  startup_stm32f10x_hd.o(.text)
    TIM8_UP_IRQHandler                       0x0800248b   Thumb Code     0  startup_stm32f10x_hd.o(.text)
    UART4_IRQHandler                         0x0800248b   Thumb Code     0  startup_stm32f10x_hd.o(.text)
    UART5_IRQHandler                         0x0800248b   Thumb Code     0  startup_stm32f10x_hd.o(.text)
    USART2_IRQHandler                        0x0800248b   Thumb Code     0  startup_stm32f10x_hd.o(.text)
    USART3_IRQHandler                        0x0800248b   Thumb Code     0  startup_stm32f10x_hd.o(.text)
    USBWakeUp_IRQHandler                     0x0800248b   Thumb Code     0  startup_stm32f10x_hd.o(.text)
    USB_HP_CAN1_TX_IRQHandler                0x0800248b   Thumb Code     0  startup_stm32f10x_hd.o(.text)
    USB_LP_CAN1_RX0_IRQHandler               0x0800248b   Thumb Code     0  startup_stm32f10x_hd.o(.text)
    WWDG_IRQHandler                          0x0800248b   Thumb Code     0  startup_stm32f10x_hd.o(.text)
    __user_initial_stackheap                 0x0800248d   Thumb Code     0  startup_stm32f10x_hd.o(.text)
    NVIC_PriorityGroupConfig                 0x080024b1   Thumb Code    10  misc.o(.text)
    NVIC_Init                                0x080024bb   Thumb Code   100  misc.o(.text)
    NVIC_SetVectorTable                      0x0800251f   Thumb Code    14  misc.o(.text)
    NVIC_SystemLPConfig                      0x0800252d   Thumb Code    34  misc.o(.text)
    SysTick_CLKSourceConfig                  0x0800254f   Thumb Code    40  misc.o(.text)
    GPIO_DeInit                              0x0800258d   Thumb Code   172  stm32f10x_gpio.o(.text)
    GPIO_AFIODeInit                          0x08002639   Thumb Code    20  stm32f10x_gpio.o(.text)
    GPIO_Init                                0x0800264d   Thumb Code   278  stm32f10x_gpio.o(.text)
    GPIO_StructInit                          0x08002763   Thumb Code    16  stm32f10x_gpio.o(.text)
    GPIO_ReadInputDataBit                    0x08002773   Thumb Code    18  stm32f10x_gpio.o(.text)
    GPIO_ReadInputData                       0x08002785   Thumb Code     8  stm32f10x_gpio.o(.text)
    GPIO_ReadOutputDataBit                   0x0800278d   Thumb Code    18  stm32f10x_gpio.o(.text)
    GPIO_ReadOutputData                      0x0800279f   Thumb Code     8  stm32f10x_gpio.o(.text)
    GPIO_SetBits                             0x080027a7   Thumb Code     4  stm32f10x_gpio.o(.text)
    GPIO_ResetBits                           0x080027ab   Thumb Code     4  stm32f10x_gpio.o(.text)
    GPIO_WriteBit                            0x080027af   Thumb Code    10  stm32f10x_gpio.o(.text)
    GPIO_Write                               0x080027b9   Thumb Code     4  stm32f10x_gpio.o(.text)
    GPIO_PinLockConfig                       0x080027bd   Thumb Code    18  stm32f10x_gpio.o(.text)
    GPIO_EventOutputConfig                   0x080027cf   Thumb Code    26  stm32f10x_gpio.o(.text)
    GPIO_EventOutputCmd                      0x080027e9   Thumb Code     6  stm32f10x_gpio.o(.text)
    GPIO_PinRemapConfig                      0x080027ef   Thumb Code   138  stm32f10x_gpio.o(.text)
    GPIO_EXTILineConfig                      0x08002879   Thumb Code    66  stm32f10x_gpio.o(.text)
    GPIO_ETH_MediaInterfaceConfig            0x080028bb   Thumb Code     8  stm32f10x_gpio.o(.text)
    RCC_DeInit                               0x080028e9   Thumb Code    64  stm32f10x_rcc.o(.text)
    RCC_HSEConfig                            0x08002929   Thumb Code    70  stm32f10x_rcc.o(.text)
    RCC_GetFlagStatus                        0x0800296f   Thumb Code    56  stm32f10x_rcc.o(.text)
    RCC_WaitForHSEStartUp                    0x080029a7   Thumb Code    56  stm32f10x_rcc.o(.text)
    RCC_AdjustHSICalibrationValue            0x080029df   Thumb Code    20  stm32f10x_rcc.o(.text)
    RCC_HSICmd                               0x080029f3   Thumb Code     6  stm32f10x_rcc.o(.text)
    RCC_PLLConfig                            0x080029f9   Thumb Code    24  stm32f10x_rcc.o(.text)
    RCC_PLLCmd                               0x08002a11   Thumb Code     6  stm32f10x_rcc.o(.text)
    RCC_SYSCLKConfig                         0x08002a17   Thumb Code    18  stm32f10x_rcc.o(.text)
    RCC_GetSYSCLKSource                      0x08002a29   Thumb Code    10  stm32f10x_rcc.o(.text)
    RCC_HCLKConfig                           0x08002a33   Thumb Code    18  stm32f10x_rcc.o(.text)
    RCC_PCLK1Config                          0x08002a45   Thumb Code    18  stm32f10x_rcc.o(.text)
    RCC_PCLK2Config                          0x08002a57   Thumb Code    20  stm32f10x_rcc.o(.text)
    RCC_ITConfig                             0x08002a6b   Thumb Code    26  stm32f10x_rcc.o(.text)
    RCC_USBCLKConfig                         0x08002a85   Thumb Code     8  stm32f10x_rcc.o(.text)
    RCC_ADCCLKConfig                         0x08002a8d   Thumb Code    18  stm32f10x_rcc.o(.text)
    RCC_LSEConfig                            0x08002a9f   Thumb Code    50  stm32f10x_rcc.o(.text)
    RCC_LSICmd                               0x08002ad1   Thumb Code     6  stm32f10x_rcc.o(.text)
    RCC_RTCCLKConfig                         0x08002ad7   Thumb Code    12  stm32f10x_rcc.o(.text)
    RCC_RTCCLKCmd                            0x08002ae3   Thumb Code     8  stm32f10x_rcc.o(.text)
    RCC_GetClocksFreq                        0x08002aeb   Thumb Code   192  stm32f10x_rcc.o(.text)
    RCC_AHBPeriphClockCmd                    0x08002bab   Thumb Code    26  stm32f10x_rcc.o(.text)
    RCC_APB2PeriphClockCmd                   0x08002bc5   Thumb Code    26  stm32f10x_rcc.o(.text)
    RCC_APB1PeriphClockCmd                   0x08002bdf   Thumb Code    26  stm32f10x_rcc.o(.text)
    RCC_APB2PeriphResetCmd                   0x08002bf9   Thumb Code    26  stm32f10x_rcc.o(.text)
    RCC_APB1PeriphResetCmd                   0x08002c13   Thumb Code    26  stm32f10x_rcc.o(.text)
    RCC_BackupResetCmd                       0x08002c2d   Thumb Code     8  stm32f10x_rcc.o(.text)
    RCC_ClockSecuritySystemCmd               0x08002c35   Thumb Code     6  stm32f10x_rcc.o(.text)
    RCC_MCOConfig                            0x08002c3b   Thumb Code     6  stm32f10x_rcc.o(.text)
    RCC_ClearFlag                            0x08002c41   Thumb Code    14  stm32f10x_rcc.o(.text)
    RCC_GetITStatus                          0x08002c4f   Thumb Code    20  stm32f10x_rcc.o(.text)
    RCC_ClearITPendingBit                    0x08002c63   Thumb Code     6  stm32f10x_rcc.o(.text)
    USART_DeInit                             0x08002c8d   Thumb Code   134  stm32f10x_usart.o(.text)
    USART_Init                               0x08002d13   Thumb Code   210  stm32f10x_usart.o(.text)
    USART_StructInit                         0x08002de5   Thumb Code    24  stm32f10x_usart.o(.text)
    USART_ClockInit                          0x08002dfd   Thumb Code    34  stm32f10x_usart.o(.text)
    USART_ClockStructInit                    0x08002e1f   Thumb Code    12  stm32f10x_usart.o(.text)
    USART_Cmd                                0x08002e2b   Thumb Code    24  stm32f10x_usart.o(.text)
    USART_ITConfig                           0x08002e43   Thumb Code    74  stm32f10x_usart.o(.text)
    USART_DMACmd                             0x08002e8d   Thumb Code    18  stm32f10x_usart.o(.text)
    USART_SetAddress                         0x08002e9f   Thumb Code    18  stm32f10x_usart.o(.text)
    USART_WakeUpConfig                       0x08002eb1   Thumb Code    18  stm32f10x_usart.o(.text)
    USART_ReceiverWakeUpCmd                  0x08002ec3   Thumb Code    24  stm32f10x_usart.o(.text)
    USART_LINBreakDetectLengthConfig         0x08002edb   Thumb Code    18  stm32f10x_usart.o(.text)
    USART_LINCmd                             0x08002eed   Thumb Code    24  stm32f10x_usart.o(.text)
    USART_SendData                           0x08002f05   Thumb Code     8  stm32f10x_usart.o(.text)
    USART_ReceiveData                        0x08002f0d   Thumb Code    10  stm32f10x_usart.o(.text)
    USART_SendBreak                          0x08002f17   Thumb Code    10  stm32f10x_usart.o(.text)
    USART_SetGuardTime                       0x08002f21   Thumb Code    16  stm32f10x_usart.o(.text)
    USART_SetPrescaler                       0x08002f31   Thumb Code    16  stm32f10x_usart.o(.text)
    USART_SmartCardCmd                       0x08002f41   Thumb Code    24  stm32f10x_usart.o(.text)
    USART_SmartCardNACKCmd                   0x08002f59   Thumb Code    24  stm32f10x_usart.o(.text)
    USART_HalfDuplexCmd                      0x08002f71   Thumb Code    24  stm32f10x_usart.o(.text)
    USART_OverSampling8Cmd                   0x08002f89   Thumb Code    22  stm32f10x_usart.o(.text)
    USART_OneBitMethodCmd                    0x08002f9f   Thumb Code    24  stm32f10x_usart.o(.text)
    USART_IrDAConfig                         0x08002fb7   Thumb Code    18  stm32f10x_usart.o(.text)
    USART_IrDACmd                            0x08002fc9   Thumb Code    24  stm32f10x_usart.o(.text)
    USART_GetFlagStatus                      0x08002fe1   Thumb Code    26  stm32f10x_usart.o(.text)
    USART_ClearFlag                          0x08002ffb   Thumb Code    18  stm32f10x_usart.o(.text)
    USART_GetITStatus                        0x0800300d   Thumb Code    84  stm32f10x_usart.o(.text)
    USART_ClearITPendingBit                  0x08003061   Thumb Code    52  stm32f10x_usart.o(.text)
    EXTI_DeInit                              0x08003095   Thumb Code    28  stm32f10x_exti.o(.text)
    EXTI_Init                                0x080030b1   Thumb Code   142  stm32f10x_exti.o(.text)
    EXTI_StructInit                          0x0800313f   Thumb Code    16  stm32f10x_exti.o(.text)
    EXTI_GenerateSWInterrupt                 0x0800314f   Thumb Code    16  stm32f10x_exti.o(.text)
    EXTI_GetFlagStatus                       0x0800315f   Thumb Code    22  stm32f10x_exti.o(.text)
    EXTI_ClearFlag                           0x08003175   Thumb Code     8  stm32f10x_exti.o(.text)
    EXTI_GetITStatus                         0x0800317d   Thumb Code    34  stm32f10x_exti.o(.text)
    EXTI_ClearITPendingBit                   0x0800319f   Thumb Code     8  stm32f10x_exti.o(.text)
    __use_two_region_memory                  0x080031b1   Thumb Code     2  heapauxi.o(.text)
    __rt_heap_escrow$2region                 0x080031b3   Thumb Code     2  heapauxi.o(.text)
    __rt_heap_expand$2region                 0x080031b5   Thumb Code     2  heapauxi.o(.text)
    __user_setup_stackheap                   0x080031b7   Thumb Code    74  sys_stackheap_outer.o(.text)
    exit                                     0x08003201   Thumb Code    18  exit.o(.text)
    __user_libspace                          0x08003215   Thumb Code     8  libspace.o(.text)
    __user_perproc_libspace                  0x08003215   Thumb Code     0  libspace.o(.text)
    __user_perthread_libspace                0x08003215   Thumb Code     0  libspace.o(.text)
    _sys_exit                                0x0800321d   Thumb Code     8  sys_exit.o(.text)
    __I$use$semihosting                      0x08003229   Thumb Code     0  use_no_semi.o(.text)
    __use_no_semihosting_swi                 0x08003229   Thumb Code     2  use_no_semi.o(.text)
    __semihosting_library_function           0x0800322b   Thumb Code     0  indicate_semi.o(.text)
    __aeabi_d2f                              0x0800322d   Thumb Code     0  d2f.o(x$fpl$d2f)
    _d2f                                     0x0800322d   Thumb Code    98  d2f.o(x$fpl$d2f)
    __aeabi_dadd                             0x08003291   Thumb Code     0  daddsub_clz.o(x$fpl$dadd)
    _dadd                                    0x08003291   Thumb Code   332  daddsub_clz.o(x$fpl$dadd)
    __fpl_dcmp_Inf                           0x080033e1   Thumb Code    24  dcmpi.o(x$fpl$dcmpinf)
    __aeabi_ddiv                             0x080033f9   Thumb Code     0  ddiv.o(x$fpl$ddiv)
    _ddiv                                    0x080033f9   Thumb Code   552  ddiv.o(x$fpl$ddiv)
    __aeabi_i2d                              0x080036a9   Thumb Code     0  dflt_clz.o(x$fpl$dflt)
    _dflt                                    0x080036a9   Thumb Code    46  dflt_clz.o(x$fpl$dflt)
    __aeabi_cdcmple                          0x080036d9   Thumb Code     0  dleqf.o(x$fpl$dleqf)
    _dcmple                                  0x080036d9   Thumb Code   120  dleqf.o(x$fpl$dleqf)
    __fpl_dcmple_InfNaN                      0x0800373b   Thumb Code     0  dleqf.o(x$fpl$dleqf)
    __aeabi_dmul                             0x08003751   Thumb Code     0  dmul.o(x$fpl$dmul)
    _dmul                                    0x08003751   Thumb Code   332  dmul.o(x$fpl$dmul)
    __fpl_dnaninf                            0x080038a5   Thumb Code   156  dnaninf.o(x$fpl$dnaninf)
    __fpl_dretinf                            0x08003941   Thumb Code    12  dretinf.o(x$fpl$dretinf)
    __aeabi_cdrcmple                         0x0800394d   Thumb Code     0  drleqf.o(x$fpl$drleqf)
    _drcmple                                 0x0800394d   Thumb Code   108  drleqf.o(x$fpl$drleqf)
    __aeabi_dsub                             0x080039b9   Thumb Code     0  daddsub_clz.o(x$fpl$dsub)
    _dsub                                    0x080039b9   Thumb Code   464  daddsub_clz.o(x$fpl$dsub)
    __aeabi_f2d                              0x08003b8d   Thumb Code     0  f2d.o(x$fpl$f2d)
    _f2d                                     0x08003b8d   Thumb Code    86  f2d.o(x$fpl$f2d)
    __aeabi_fadd                             0x08003be5   Thumb Code     0  faddsub_clz.o(x$fpl$fadd)
    _fadd                                    0x08003be5   Thumb Code   196  faddsub_clz.o(x$fpl$fadd)
    __fpl_fcmp_Inf                           0x08003ca9   Thumb Code    24  fcmpi.o(x$fpl$fcmpinf)
    __aeabi_f2iz                             0x08003cc1   Thumb Code     0  ffix.o(x$fpl$ffix)
    _ffix                                    0x08003cc1   Thumb Code    54  ffix.o(x$fpl$ffix)
    __aeabi_f2uiz                            0x08003cf9   Thumb Code     0  ffixu.o(x$fpl$ffixu)
    _ffixu                                   0x08003cf9   Thumb Code    62  ffixu.o(x$fpl$ffixu)
    __aeabi_cfcmple                          0x08003d39   Thumb Code     0  fleqf.o(x$fpl$fleqf)
    _fcmple                                  0x08003d39   Thumb Code   104  fleqf.o(x$fpl$fleqf)
    __fpl_fcmple_InfNaN                      0x08003d8b   Thumb Code     0  fleqf.o(x$fpl$fleqf)
    __aeabi_fmul                             0x08003da1   Thumb Code     0  fmul.o(x$fpl$fmul)
    _fmul                                    0x08003da1   Thumb Code   258  fmul.o(x$fpl$fmul)
    __fpl_fnaninf                            0x08003ea3   Thumb Code   140  fnaninf.o(x$fpl$fnaninf)
    __fpl_fretinf                            0x08003f2f   Thumb Code    10  fretinf.o(x$fpl$fretinf)
    __aeabi_cfrcmple                         0x08003f39   Thumb Code     0  frleqf.o(x$fpl$frleqf)
    _frcmple                                 0x08003f39   Thumb Code    98  frleqf.o(x$fpl$frleqf)
    __aeabi_fsub                             0x08003f9d   Thumb Code     0  faddsub_clz.o(x$fpl$fsub)
    _fsub                                    0x08003f9d   Thumb Code   234  faddsub_clz.o(x$fpl$fsub)
    F6x8                                     0x08004086   Data         552  oled.o(.constdata)
    __I$use$fp                               0x08004086   Number         0  usenofp.o(x$fpl$usenofp)
    F8X16                                    0x080042ae   Data        1520  oled.o(.constdata)
    Region$$Table$$Base                      0x080048a0   Number         0  anon$$obj.o(Region$$Table)
    Region$$Table$$Limit                     0x080048c0   Number         0  anon$$obj.o(Region$$Table)
    Rxover                                   0x20000000   Data           1  main.o(.data)
    mode                                     0x20000001   Data           1  main.o(.data)
    matched                                  0x20000002   Data           1  main.o(.data)
    state                                    0x20000003   Data           1  main.o(.data)
    change                                   0x20000004   Data           1  main.o(.data)
    stranger                                 0x20000005   Data           1  main.o(.data)
    dis                                      0x20000008   Data           4  main.o(.data)
    SystemCoreClock                          0x20000010   Data           4  system_stm32f10x.o(.data)
    AHBPrescTable                            0x20000014   Data          16  system_stm32f10x.o(.data)
    b                                        0x20000024   Data           4  key.o(.data)
    vMLX90614_BusInit                        0x2000002c   Data           4  mlx90614.o(.data)
    ucMLX90614_BusRead                       0x20000030   Data           4  mlx90614.o(.data)
    ucMLX90614_BusWrite                      0x20000034   Data           4  mlx90614.o(.data)
    Hzk                                      0x20000038   Data        1792  oled.o(.data)
    a                                        0x20000738   Data           4  exit1.o(.data)
    brr                                      0x20000758   Data          20  main.o(.bss)
    arr                                      0x2000076c   Data          10  main.o(.bss)
    sMlx                                     0x20000778   Data          20  main.o(.bss)
    __libspace_start                         0x2000078c   Data          96  libspace.o(.bss)
    __temporary_stack_top$libspace           0x200007ec   Data           0  libspace.o(.bss)



==============================================================================

Memory Map of the image

  Image Entry point : 0x08000131

  Load Region LR_IROM1 (Base: 0x08000000, Size: 0x00005018, Max: 0x00080000, ABSOLUTE, COMPRESSED[0x00004ea0])

    Execution Region ER_IROM1 (Exec base: 0x08000000, Load base: 0x08000000, Size: 0x000048c0, Max: 0x00080000, ABSOLUTE)

    Exec Addr    Load Addr    Size         Type   Attr      Idx    E Section Name        Object

    0x08000000   0x08000000   0x00000130   Data   RO          396    RESET               startup_stm32f10x_hd.o
    0x08000130   0x08000130   0x00000008   Code   RO          563  * !!!main             c_w.l(__main.o)
    0x08000138   0x08000138   0x00000034   Code   RO          781    !!!scatter          c_w.l(__scatter.o)
    0x0800016c   0x0800016c   0x00000064   Code   RO          779    !!dclz77c           c_w.l(__dclz77c.o)
    0x080001d0   0x080001d0   0x0000001c   Code   RO          783    !!handler_zi        c_w.l(__scatter_zi.o)
    0x080001ec   0x080001ec   0x00000002   Code   RO          649    .ARM.Collect$$libinit$$00000000  c_w.l(libinit.o)
    0x080001ee   0x080001ee   0x00000000   Code   RO          656    .ARM.Collect$$libinit$$00000002  c_w.l(libinit2.o)
    0x080001ee   0x080001ee   0x00000000   Code   RO          658    .ARM.Collect$$libinit$$00000004  c_w.l(libinit2.o)
    0x080001ee   0x080001ee   0x00000000   Code   RO          661    .ARM.Collect$$libinit$$0000000A  c_w.l(libinit2.o)
    0x080001ee   0x080001ee   0x00000000   Code   RO          663    .ARM.Collect$$libinit$$0000000C  c_w.l(libinit2.o)
    0x080001ee   0x080001ee   0x00000000   Code   RO          665    .ARM.Collect$$libinit$$0000000E  c_w.l(libinit2.o)
    0x080001ee   0x080001ee   0x00000000   Code   RO          668    .ARM.Collect$$libinit$$00000011  c_w.l(libinit2.o)
    0x080001ee   0x080001ee   0x00000000   Code   RO          670    .ARM.Collect$$libinit$$00000013  c_w.l(libinit2.o)
    0x080001ee   0x080001ee   0x00000000   Code   RO          672    .ARM.Collect$$libinit$$00000015  c_w.l(libinit2.o)
    0x080001ee   0x080001ee   0x00000000   Code   RO          674    .ARM.Collect$$libinit$$00000017  c_w.l(libinit2.o)
    0x080001ee   0x080001ee   0x00000000   Code   RO          676    .ARM.Collect$$libinit$$00000019  c_w.l(libinit2.o)
    0x080001ee   0x080001ee   0x00000000   Code   RO          678    .ARM.Collect$$libinit$$0000001B  c_w.l(libinit2.o)
    0x080001ee   0x080001ee   0x00000000   Code   RO          680    .ARM.Collect$$libinit$$0000001D  c_w.l(libinit2.o)
    0x080001ee   0x080001ee   0x00000000   Code   RO          682    .ARM.Collect$$libinit$$0000001F  c_w.l(libinit2.o)
    0x080001ee   0x080001ee   0x00000000   Code   RO          684    .ARM.Collect$$libinit$$00000021  c_w.l(libinit2.o)
    0x080001ee   0x080001ee   0x00000000   Code   RO          686    .ARM.Collect$$libinit$$00000023  c_w.l(libinit2.o)
    0x080001ee   0x080001ee   0x00000000   Code   RO          688    .ARM.Collect$$libinit$$00000025  c_w.l(libinit2.o)
    0x080001ee   0x080001ee   0x00000000   Code   RO          692    .ARM.Collect$$libinit$$0000002C  c_w.l(libinit2.o)
    0x080001ee   0x080001ee   0x00000000   Code   RO          694    .ARM.Collect$$libinit$$0000002E  c_w.l(libinit2.o)
    0x080001ee   0x080001ee   0x00000000   Code   RO          696    .ARM.Collect$$libinit$$00000030  c_w.l(libinit2.o)
    0x080001ee   0x080001ee   0x00000000   Code   RO          698    .ARM.Collect$$libinit$$00000032  c_w.l(libinit2.o)
    0x080001ee   0x080001ee   0x00000002   Code   RO          699    .ARM.Collect$$libinit$$00000033  c_w.l(libinit2.o)
    0x080001f0   0x080001f0   0x00000002   Code   RO          719    .ARM.Collect$$libshutdown$$00000000  c_w.l(libshutdown.o)
    0x080001f2   0x080001f2   0x00000000   Code   RO          732    .ARM.Collect$$libshutdown$$00000002  c_w.l(libshutdown2.o)
    0x080001f2   0x080001f2   0x00000000   Code   RO          734    .ARM.Collect$$libshutdown$$00000004  c_w.l(libshutdown2.o)
    0x080001f2   0x080001f2   0x00000000   Code   RO          737    .ARM.Collect$$libshutdown$$00000007  c_w.l(libshutdown2.o)
    0x080001f2   0x080001f2   0x00000000   Code   RO          740    .ARM.Collect$$libshutdown$$0000000A  c_w.l(libshutdown2.o)
    0x080001f2   0x080001f2   0x00000000   Code   RO          742    .ARM.Collect$$libshutdown$$0000000C  c_w.l(libshutdown2.o)
    0x080001f2   0x080001f2   0x00000000   Code   RO          745    .ARM.Collect$$libshutdown$$0000000F  c_w.l(libshutdown2.o)
    0x080001f2   0x080001f2   0x00000002   Code   RO          746    .ARM.Collect$$libshutdown$$00000010  c_w.l(libshutdown2.o)
    0x080001f4   0x080001f4   0x00000000   Code   RO          609    .ARM.Collect$$rtentry$$00000000  c_w.l(__rtentry.o)
    0x080001f4   0x080001f4   0x00000000   Code   RO          624    .ARM.Collect$$rtentry$$00000002  c_w.l(__rtentry2.o)
    0x080001f4   0x080001f4   0x00000006   Code   RO          636    .ARM.Collect$$rtentry$$00000004  c_w.l(__rtentry4.o)
    0x080001fa   0x080001fa   0x00000000   Code   RO          626    .ARM.Collect$$rtentry$$00000009  c_w.l(__rtentry2.o)
    0x080001fa   0x080001fa   0x00000004   Code   RO          627    .ARM.Collect$$rtentry$$0000000A  c_w.l(__rtentry2.o)
    0x080001fe   0x080001fe   0x00000000   Code   RO          629    .ARM.Collect$$rtentry$$0000000C  c_w.l(__rtentry2.o)
    0x080001fe   0x080001fe   0x00000008   Code   RO          630    .ARM.Collect$$rtentry$$0000000D  c_w.l(__rtentry2.o)
    0x08000206   0x08000206   0x00000002   Code   RO          653    .ARM.Collect$$rtexit$$00000000  c_w.l(rtexit.o)
    0x08000208   0x08000208   0x00000000   Code   RO          701    .ARM.Collect$$rtexit$$00000002  c_w.l(rtexit2.o)
    0x08000208   0x08000208   0x00000004   Code   RO          702    .ARM.Collect$$rtexit$$00000003  c_w.l(rtexit2.o)
    0x0800020c   0x0800020c   0x00000006   Code   RO          703    .ARM.Collect$$rtexit$$00000004  c_w.l(rtexit2.o)
    0x08000212   0x08000212   0x00000002   PAD
    0x08000214   0x08000214   0x0000027c   Code   RO            1    .text               main.o
    0x08000490   0x08000490   0x00000070   Code   RO          151    .text               stm32f10x_it.o
    0x08000500   0x08000500   0x000001e0   Code   RO          194    .text               system_stm32f10x.o
    0x080006e0   0x080006e0   0x0000005c   Code   RO          212    .text               led.o
    0x0800073c   0x0800073c   0x000001b4   Code   RO          224    .text               key.o
    0x080008f0   0x080008f0   0x00000418   Code   RO          239    .text               mlx90614.o
    0x08000d08   0x08000d08   0x000005ec   Code   RO          254    .text               oled.o
    0x080012f4   0x080012f4   0x00000254   Code   RO          276    .text               exit1.o
    0x08001548   0x08001548   0x000000f0   Code   RO          291    .text               usart1.o
    0x08001638   0x08001638   0x00000038   Code   RO          307    .text               beef.o
    0x08001670   0x08001670   0x000003dc   Code   RO          319    .text               smbus.o
    0x08001a4c   0x08001a4c   0x00000950   Code   RO          331    .text               display.o
    0x0800239c   0x0800239c   0x000000d4   Code   RO          353    .text               delay.o
    0x08002470   0x08002470   0x00000040   Code   RO          397    .text               startup_stm32f10x_hd.o
    0x080024b0   0x080024b0   0x000000dc   Code   RO          401    .text               misc.o
    0x0800258c   0x0800258c   0x0000035c   Code   RO          413    .text               stm32f10x_gpio.o
    0x080028e8   0x080028e8   0x000003a4   Code   RO          425    .text               stm32f10x_rcc.o
    0x08002c8c   0x08002c8c   0x00000408   Code   RO          439    .text               stm32f10x_usart.o
    0x08003094   0x08003094   0x0000011c   Code   RO          499    .text               stm32f10x_exti.o
    0x080031b0   0x080031b0   0x00000006   Code   RO          561    .text               c_w.l(heapauxi.o)
    0x080031b6   0x080031b6   0x0000004a   Code   RO          640    .text               c_w.l(sys_stackheap_outer.o)
    0x08003200   0x08003200   0x00000012   Code   RO          642    .text               c_w.l(exit.o)
    0x08003212   0x08003212   0x00000002   PAD
    0x08003214   0x08003214   0x00000008   Code   RO          650    .text               c_w.l(libspace.o)
    0x0800321c   0x0800321c   0x0000000c   Code   RO          711    .text               c_w.l(sys_exit.o)
    0x08003228   0x08003228   0x00000002   Code   RO          722    .text               c_w.l(use_no_semi.o)
    0x0800322a   0x0800322a   0x00000000   Code   RO          724    .text               c_w.l(indicate_semi.o)
    0x0800322a   0x0800322a   0x00000002   PAD
    0x0800322c   0x0800322c   0x00000062   Code   RO          565    x$fpl$d2f           fz_ws.l(d2f.o)
    0x0800328e   0x0800328e   0x00000002   PAD
    0x08003290   0x08003290   0x00000150   Code   RO          567    x$fpl$dadd          fz_ws.l(daddsub_clz.o)
    0x080033e0   0x080033e0   0x00000018   Code   RO          638    x$fpl$dcmpinf       fz_ws.l(dcmpi.o)
    0x080033f8   0x080033f8   0x000002b0   Code   RO          574    x$fpl$ddiv          fz_ws.l(ddiv.o)
    0x080036a8   0x080036a8   0x0000002e   Code   RO          578    x$fpl$dflt          fz_ws.l(dflt_clz.o)
    0x080036d6   0x080036d6   0x00000002   PAD
    0x080036d8   0x080036d8   0x00000078   Code   RO          610    x$fpl$dleqf         fz_ws.l(dleqf.o)
    0x08003750   0x08003750   0x00000154   Code   RO          583    x$fpl$dmul          fz_ws.l(dmul.o)
    0x080038a4   0x080038a4   0x0000009c   Code   RO          612    x$fpl$dnaninf       fz_ws.l(dnaninf.o)
    0x08003940   0x08003940   0x0000000c   Code   RO          614    x$fpl$dretinf       fz_ws.l(dretinf.o)
    0x0800394c   0x0800394c   0x0000006c   Code   RO          585    x$fpl$drleqf        fz_ws.l(drleqf.o)
    0x080039b8   0x080039b8   0x000001d4   Code   RO          569    x$fpl$dsub          fz_ws.l(daddsub_clz.o)
    0x08003b8c   0x08003b8c   0x00000056   Code   RO          587    x$fpl$f2d           fz_ws.l(f2d.o)
    0x08003be2   0x08003be2   0x00000002   PAD
    0x08003be4   0x08003be4   0x000000c4   Code   RO          589    x$fpl$fadd          fz_ws.l(faddsub_clz.o)
    0x08003ca8   0x08003ca8   0x00000018   Code   RO          616    x$fpl$fcmpinf       fz_ws.l(fcmpi.o)
    0x08003cc0   0x08003cc0   0x00000036   Code   RO          595    x$fpl$ffix          fz_ws.l(ffix.o)
    0x08003cf6   0x08003cf6   0x00000002   PAD
    0x08003cf8   0x08003cf8   0x0000003e   Code   RO          599    x$fpl$ffixu         fz_ws.l(ffixu.o)
    0x08003d36   0x08003d36   0x00000002   PAD
    0x08003d38   0x08003d38   0x00000068   Code   RO          603    x$fpl$fleqf         fz_ws.l(fleqf.o)
    0x08003da0   0x08003da0   0x00000102   Code   RO          605    x$fpl$fmul          fz_ws.l(fmul.o)
    0x08003ea2   0x08003ea2   0x0000008c   Code   RO          618    x$fpl$fnaninf       fz_ws.l(fnaninf.o)
    0x08003f2e   0x08003f2e   0x0000000a   Code   RO          620    x$fpl$fretinf       fz_ws.l(fretinf.o)
    0x08003f38   0x08003f38   0x00000062   Code   RO          607    x$fpl$frleqf        fz_ws.l(frleqf.o)
    0x08003f9a   0x08003f9a   0x00000002   PAD
    0x08003f9c   0x08003f9c   0x000000ea   Code   RO          591    x$fpl$fsub          fz_ws.l(faddsub_clz.o)
    0x08004086   0x08004086   0x00000000   Code   RO          622    x$fpl$usenofp       fz_ws.l(usenofp.o)
    0x08004086   0x08004086   0x00000818   Data   RO          255    .constdata          oled.o
    0x0800489e   0x0800489e   0x00000002   PAD
    0x080048a0   0x080048a0   0x00000020   Data   RO          777    Region$$Table       anon$$obj.o


    Execution Region RW_IRAM1 (Exec base: 0x20000000, Load base: 0x080048c0, Size: 0x00000df0, Max: 0x00010000, ABSOLUTE, COMPRESSED[0x000005e0])

    Exec Addr    Load Addr    Size         Type   Attr      Idx    E Section Name        Object

    0x20000000   COMPRESSED   0x0000000c   Data   RW            3    .data               main.o
    0x2000000c   COMPRESSED   0x00000001   Data   RW          152    .data               stm32f10x_it.o
    0x2000000d   COMPRESSED   0x00000003   PAD
    0x20000010   COMPRESSED   0x00000014   Data   RW          195    .data               system_stm32f10x.o
    0x20000024   COMPRESSED   0x00000005   Data   RW          225    .data               key.o
    0x20000029   COMPRESSED   0x00000003   PAD
    0x2000002c   COMPRESSED   0x0000000c   Data   RW          240    .data               mlx90614.o
    0x20000038   COMPRESSED   0x00000700   Data   RW          256    .data               oled.o
    0x20000738   COMPRESSED   0x00000008   Data   RW          277    .data               exit1.o
    0x20000740   COMPRESSED   0x00000004   Data   RW          354    .data               delay.o
    0x20000744   COMPRESSED   0x00000014   Data   RW          426    .data               stm32f10x_rcc.o
    0x20000758        -       0x00000034   Zero   RW            2    .bss                main.o
    0x2000078c        -       0x00000060   Zero   RW          651    .bss                c_w.l(libspace.o)
    0x200007ec   COMPRESSED   0x00000004   PAD
    0x200007f0        -       0x00000200   Zero   RW          395    HEAP                startup_stm32f10x_hd.o
    0x200009f0        -       0x00000400   Zero   RW          394    STACK               startup_stm32f10x_hd.o


==============================================================================

Image component sizes


      Code (inc. data)   RO Data    RW Data    ZI Data      Debug   Object Name

        56          6          0          0          0        508   beef.o
       212         18          0          4          0       1083   delay.o
      2384        136          0          0          0       2494   display.o
       596         34          0          8          0       1770   exit1.o
       436         18          0          5          0       1216   key.o
        92          8          0          0          0        527   led.o
       636         56          0         12         52     242122   main.o
       220         22          0          0          0       1841   misc.o
      1048        126          0         12          0       3333   mlx90614.o
      1516         22       2072       1792          0       6871   oled.o
       988         14          0          0          0       3721   smbus.o
        64         26        304          0       1536        808   startup_stm32f10x_hd.o
       284         10          0          0          0       2295   stm32f10x_exti.o
       860         38          0          0          0       5773   stm32f10x_gpio.o
       112         18          0          1          0       1484   stm32f10x_it.o
       932         36          0         20          0       8972   stm32f10x_rcc.o
      1032         22          0          0          0       8500   stm32f10x_usart.o
         0          0          0          0          0         32   sys.o
       480         38          0         20          0       1803   system_stm32f10x.o
       240         10          0          0          0       1645   usart1.o

    ----------------------------------------------------------------------
     12188        658       2410       1880       1588     296798   Object Totals
         0          0         32          0          0          0   (incl. Generated)
         0          0          2          6          0          0   (incl. Padding)

    ----------------------------------------------------------------------

      Code (inc. data)   RO Data    RW Data    ZI Data      Debug   Library Member Name

       100          0          0          0          0          0   __dclz77c.o
         8          0          0          0          0         68   __main.o
         0          0          0          0          0          0   __rtentry.o
        12          0          0          0          0          0   __rtentry2.o
         6          0          0          0          0          0   __rtentry4.o
        52          8          0          0          0          0   __scatter.o
        28          0          0          0          0          0   __scatter_zi.o
        18          0          0          0          0         80   exit.o
         6          0          0          0          0        152   heapauxi.o
         0          0          0          0          0          0   indicate_semi.o
         2          0          0          0          0          0   libinit.o
         2          0          0          0          0          0   libinit2.o
         2          0          0          0          0          0   libshutdown.o
         2          0          0          0          0          0   libshutdown2.o
         8          4          0          0         96         68   libspace.o
         2          0          0          0          0          0   rtexit.o
        10          0          0          0          0          0   rtexit2.o
        12          4          0          0          0         68   sys_exit.o
        74          0          0          0          0         80   sys_stackheap_outer.o
         2          0          0          0          0         68   use_no_semi.o
        98          4          0          0          0         92   d2f.o
       804         16          0          0          0        272   daddsub_clz.o
        24          0          0          0          0         68   dcmpi.o
       688        140          0          0          0        208   ddiv.o
        46          0          0          0          0         68   dflt_clz.o
       120          4          0          0          0         92   dleqf.o
       340         12          0          0          0        104   dmul.o
       156          4          0          0          0         92   dnaninf.o
        12          0          0          0          0         68   dretinf.o
       108          0          0          0          0         80   drleqf.o
        86          4          0          0          0         84   f2d.o
       430          8          0          0          0        168   faddsub_clz.o
        24          0          0          0          0         68   fcmpi.o
        54          4          0          0          0         84   ffix.o
        62          4          0          0          0         84   ffixu.o
       104          4          0          0          0         84   fleqf.o
       258          4          0          0          0         84   fmul.o
       140          4          0          0          0         84   fnaninf.o
        10          0          0          0          0         68   fretinf.o
        98          0          0          0          0         68   frleqf.o
         0          0          0          0          0          0   usenofp.o

    ----------------------------------------------------------------------
      4026        228          0          0        100       2604   Library Totals
        18          0          0          0          4          0   (incl. Padding)

    ----------------------------------------------------------------------

      Code (inc. data)   RO Data    RW Data    ZI Data      Debug   Library Name

       346         16          0          0         96        584   c_w.l
      3662        212          0          0          0       2020   fz_ws.l

    ----------------------------------------------------------------------
      4026        228          0          0        100       2604   Library Totals

    ----------------------------------------------------------------------

==============================================================================


      Code (inc. data)   RO Data    RW Data    ZI Data      Debug   

     16214        886       2410       1880       1688     296746   Grand Totals
     16214        886       2410       1504       1688     296746   ELF Image Totals (compressed)
     16214        886       2410       1504          0          0   ROM Totals

==============================================================================

    Total RO  Size (Code + RO Data)                18624 (  18.19kB)
    Total RW  Size (RW Data + ZI Data)              3568 (   3.48kB)
    Total ROM Size (Code + RO Data + RW Data)      20128 (  19.66kB)

==============================================================================

